Component: ARM Compiler 5.06 update 7 (build 960) Tool: armlink [4d3601]

==============================================================================

Section Cross References

    startup_stm32f407xx.o(RESET) refers to startup_stm32f407xx.o(STACK) for __initial_sp
    startup_stm32f407xx.o(RESET) refers to startup_stm32f407xx.o(.text) for Reset_Handler
    startup_stm32f407xx.o(RESET) refers to stm32f4xx_it.o(i.NMI_Handler) for NMI_Handler
    startup_stm32f407xx.o(RESET) refers to stm32f4xx_it.o(i.HardFault_Handler) for HardFault_Handler
    startup_stm32f407xx.o(RESET) refers to stm32f4xx_it.o(i.MemManage_Handler) for MemManage_Handler
    startup_stm32f407xx.o(RESET) refers to stm32f4xx_it.o(i.BusFault_Handler) for BusFault_Handler
    startup_stm32f407xx.o(RESET) refers to stm32f4xx_it.o(i.UsageFault_Handler) for UsageFault_Handler
    startup_stm32f407xx.o(RESET) refers to stm32f4xx_it.o(i.SVC_Handler) for SVC_Handler
    startup_stm32f407xx.o(RESET) refers to stm32f4xx_it.o(i.DebugMon_Handler) for DebugMon_Handler
    startup_stm32f407xx.o(RESET) refers to stm32f4xx_it.o(i.PendSV_Handler) for PendSV_Handler
    startup_stm32f407xx.o(RESET) refers to stm32f4xx_it.o(i.SysTick_Handler) for SysTick_Handler
    startup_stm32f407xx.o(RESET) refers to usart.o(i.USART1_IRQHandler) for USART1_IRQHandler
    startup_stm32f407xx.o(RESET) refers to bsp_uart.o(i.USART2_IRQHandler) for USART2_IRQHandler
    startup_stm32f407xx.o(RESET) refers to bsp_uart.o(i.USART3_IRQHandler) for USART3_IRQHandler
    startup_stm32f407xx.o(.text) refers to system_stm32f4xx.o(i.SystemInit) for SystemInit
    startup_stm32f407xx.o(.text) refers to entry.o(.ARM.Collect$$$$00000000) for __main
    main.o(i.SystemClock_Config) refers to memseta.o(.text) for __aeabi_memclr4
    main.o(i.SystemClock_Config) refers to stm32f4xx_hal_rcc.o(i.HAL_RCC_OscConfig) for HAL_RCC_OscConfig
    main.o(i.SystemClock_Config) refers to stm32f4xx_hal_rcc.o(i.HAL_RCC_ClockConfig) for HAL_RCC_ClockConfig
    main.o(i.main) refers to stm32f4xx_hal.o(i.HAL_Init) for HAL_Init
    main.o(i.main) refers to main.o(i.SystemClock_Config) for SystemClock_Config
    main.o(i.main) refers to gpio.o(i.MX_GPIO_Init) for MX_GPIO_Init
    main.o(i.main) refers to usart.o(i.MX_USART1_UART_Init) for MX_USART1_UART_Init
    main.o(i.main) refers to sdio.o(i.MX_SDIO_SD_Init) for MX_SDIO_SD_Init
    main.o(i.main) refers to fatfs.o(i.MX_FATFS_Init) for MX_FATFS_Init
    main.o(i.main) refers to bsp_w25q128.o(i.W25Q128_Init) for W25Q128_Init
    main.o(i.main) refers to printfa.o(i.__0printf) for __2printf
    main.o(i.main) refers to stm32f4xx_hal.o(i.HAL_GetTick) for HAL_GetTick
    main.o(i.main) refers to ring_buffer.o(i.ring_buffer_read) for ring_buffer_read
    main.o(i.main) refers to myboot.o(i.Boot_ManageStart) for Boot_ManageStart
    main.o(i.main) refers to shell.o(i.shell) for shell
    main.o(i.main) refers to usart.o(.bss) for rx_buf
    sdio.o(i.HAL_SD_MspDeInit) refers to stm32f4xx_hal_gpio.o(i.HAL_GPIO_DeInit) for HAL_GPIO_DeInit
    sdio.o(i.HAL_SD_MspInit) refers to memseta.o(.text) for __aeabi_memclr4
    sdio.o(i.HAL_SD_MspInit) refers to stm32f4xx_hal_gpio.o(i.HAL_GPIO_Init) for HAL_GPIO_Init
    sdio.o(i.MX_SDIO_SD_Init) refers to sdio.o(.bss) for .bss
    usart.o(i.HAL_UART_MspDeInit) refers to stm32f4xx_hal_gpio.o(i.HAL_GPIO_DeInit) for HAL_GPIO_DeInit
    usart.o(i.HAL_UART_MspInit) refers to memseta.o(.text) for __aeabi_memclr4
    usart.o(i.HAL_UART_MspInit) refers to stm32f4xx_hal_gpio.o(i.HAL_GPIO_Init) for HAL_GPIO_Init
    usart.o(i.MX_USART1_UART_Init) refers to stm32f4xx_hal_uart.o(i.HAL_UART_Init) for HAL_UART_Init
    usart.o(i.MX_USART1_UART_Init) refers to main.o(i.Error_Handler) for Error_Handler
    usart.o(i.MX_USART1_UART_Init) refers to usart.o(i.UART1_RingBuffer_Init) for UART1_RingBuffer_Init
    usart.o(i.MX_USART1_UART_Init) refers to usart.o(.bss) for .bss
    usart.o(i.My_putstr) refers to usart.o(i.My_putchar) for My_putchar
    usart.o(i.UART1_RingBuffer_Init) refers to ring_buffer.o(i.ring_buffer_init) for ring_buffer_init
    usart.o(i.UART1_RingBuffer_Init) refers to stm32f4xx_hal_cortex.o(i.HAL_NVIC_SetPriority) for HAL_NVIC_SetPriority
    usart.o(i.UART1_RingBuffer_Init) refers to stm32f4xx_hal_cortex.o(i.HAL_NVIC_EnableIRQ) for HAL_NVIC_EnableIRQ
    usart.o(i.UART1_RingBuffer_Init) refers to usart.o(.bss) for .bss
    usart.o(i.USART1_IRQHandler) refers to ring_buffer.o(i.ring_buffer_write) for ring_buffer_write
    usart.o(i.USART1_IRQHandler) refers to stm32f4xx_hal_uart.o(i.HAL_UART_IRQHandler) for HAL_UART_IRQHandler
    usart.o(i.USART1_IRQHandler) refers to usart.o(.bss) for .bss
    usart.o(i.fgetc) refers to stm32f4xx_hal_uart.o(i.HAL_UART_Receive) for HAL_UART_Receive
    usart.o(i.fgetc) refers to usart.o(.bss) for .bss
    usart.o(i.fputc) refers to stm32f4xx_hal_uart.o(i.HAL_UART_Transmit) for HAL_UART_Transmit
    usart.o(i.fputc) refers to usart.o(.bss) for .bss
[...]
    __aeabi_memcpy                           0x0800025f   Thumb Code    64  memmovea.o(.text)
    __aeabi_memcpy4                          0x0800025f   Thumb Code     0  memmovea.o(.text)
    __aeabi_memmove                          0x0800025f   Thumb Code     0  memmovea.o(.text)
    __aeabi_memmove4                         0x0800025f   Thumb Code     0  memmovea.o(.text)
    __aeabi_memmove8                         0x0800025f   Thumb Code     0  memmovea.o(.text)
    __aeabi_memset                           0x0800029f   Thumb Code    14  memseta.o(.text)
    __aeabi_memset4                          0x0800029f   Thumb Code     0  memseta.o(.text)
    __aeabi_memset8                          0x0800029f   Thumb Code     0  memseta.o(.text)
    __aeabi_memclr                           0x080002ad   Thumb Code     4  memseta.o(.text)
    __aeabi_memclr4                          0x080002ad   Thumb Code     0  memseta.o(.text)
    __aeabi_memclr8                          0x080002ad   Thumb Code     0  memseta.o(.text)
    _memset$wrapper                          0x080002b1   Thumb Code    18  memseta.o(.text)
    strstr                                   0x080002c3   Thumb Code    36  strstr.o(.text)
    strncpy                                  0x080002e7   Thumb Code    24  strncpy.o(.text)
    strchr                                   0x080002ff   Thumb Code    20  strchr.o(.text)
    strlen                                   0x08000313   Thumb Code    14  strlen.o(.text)
    strcmp                                   0x08000321   Thumb Code    28  strcmp.o(.text)
    memcmp                                   0x0800033d   Thumb Code    26  memcmp.o(.text)
    strcpy                                   0x08000357   Thumb Code    18  strcpy.o(.text)
    strncmp                                  0x08000369   Thumb Code    30  strncmp.o(.text)
    strrchr                                  0x08000387   Thumb Code    22  strrchr.o(.text)
    strpbrk                                  0x0800039d   Thumb Code    32  strpbrk.o(.text)
    __0sscanf                                0x080003bd   Thumb Code    48  __0sscanf.o(.text)
    _scanf_int                               0x080003f5   Thumb Code   332  _scanf_int.o(.text)
    __aeabi_dadd                             0x08000541   Thumb Code   322  dadd.o(.text)
    __aeabi_dsub                             0x08000683   Thumb Code     6  dadd.o(.text)
    __aeabi_drsub                            0x08000689   Thumb Code     6  dadd.o(.text)
    __aeabi_dmul                             0x0800068f   Thumb Code   228  dmul.o(.text)
    __aeabi_i2d                              0x08000773   Thumb Code    34  dflti.o(.text)
    __aeabi_d2iz                             0x08000795   Thumb Code    62  dfixi.o(.text)
    __aeabi_cdrcmple                         0x080007d5   Thumb Code    48  cdrcmple.o(.text)
    __aeabi_uidiv                            0x08000805   Thumb Code     0  uidiv.o(.text)
    __aeabi_uidivmod                         0x08000805   Thumb Code    44  uidiv.o(.text)
    __aeabi_llsl                             0x08000831   Thumb Code    30  llshl.o(.text)
    _ll_shift_l                              0x08000831   Thumb Code     0  llshl.o(.text)
    __aeabi_llsr                             0x0800084f   Thumb Code    32  llushr.o(.text)
    _ll_ushift_r                             0x0800084f   Thumb Code     0  llushr.o(.text)
    __aeabi_lasr                             0x0800086f   Thumb Code    36  llsshr.o(.text)
    _ll_sshift_r                             0x0800086f   Thumb Code     0  llsshr.o(.text)
    _chval                                   0x08000893   Thumb Code    28  _chval.o(.text)
    __vfscanf_char                           0x080008bd   Thumb Code    20  scanf_char.o(.text)
    _sgetc                                   0x080008d9   Thumb Code    30  _sgetc.o(.text)
    _sbackspace                              0x080008f7   Thumb Code    34  _sgetc.o(.text)
    __I$use$fp                               0x08000919   Thumb Code     0  iusefp.o(.text)
    _double_round                            0x08000919   Thumb Code    30  depilogue.o(.text)
    _double_epilogue                         0x08000937   Thumb Code   156  depilogue.o(.text)
    __aeabi_ddiv                             0x080009d3   Thumb Code   222  ddiv.o(.text)
    __ARM_scalbn                             0x08000ab1   Thumb Code    46  dscalb.o(.text)
    scalbn                                   0x08000ab1   Thumb Code     0  dscalb.o(.text)
    __aeabi_d2ulz                            0x08000adf   Thumb Code    48  dfixul.o(.text)
    __scatterload                            0x08000b11   Thumb Code    28  init.o(.text)
    __scatterload_rt2                        0x08000b11   Thumb Code     0  init.o(.text)
    __vfscanf                                0x08000b35   Thumb Code   810  _scanf.o(.text)
    _dsqrt                                   0x08000e65   Thumb Code   162  dsqrt.o(.text)
    __decompress                             0x08000f07   Thumb Code     0  __dczerorl2.o(.text)
    __decompress1                            0x08000f07   Thumb Code    86  __dczerorl2.o(.text)
    Aliyun_4GConnect                         0x08000f5d   Thumb Code   266  bsp_4g.o(i.Aliyun_4GConnect)
    BSP_SD_GetCardInfo                       0x08001329   Thumb Code     8  bsp_driver_sd.o(i.BSP_SD_GetCardInfo)
    BSP_SD_GetCardState                      0x08001335   Thumb Code    20  bsp_driver_sd.o(i.BSP_SD_GetCardState)
    BSP_SD_Init                              0x0800134d   Thumb Code    42  bsp_driver_sd.o(i.BSP_SD_Init)
    BSP_SD_IsDetected                        0x0800137d   Thumb Code    14  bsp_driver_sd.o(i.BSP_SD_IsDetected)
    BSP_SD_ReadBlocks                        0x0800138d   Thumb Code    26  bsp_driver_sd.o(i.BSP_SD_ReadBlocks)
    BSP_SD_WriteBlocks                       0x080013ad   Thumb Code    26  bsp_driver_sd.o(i.BSP_SD_WriteBlocks)
    Backup_App_With_Header                   0x080013cd   Thumb Code   426  fat_cmd.o(i.Backup_App_With_Header)
    Boot_CheckAppValid                       0x08001725   Thumb Code     8  myboot.o(i.Boot_CheckAppValid)
    Boot_CheckSectorEmpty                    0x0800172d   Thumb Code    26  myboot.o(i.Boot_CheckSectorEmpty)
    Boot_EraseSector6                        0x08001749   Thumb Code   120  myboot.o(i.Boot_EraseSector6)
    Boot_JumpToApp                           0x08001835   Thumb Code    50  myboot.o(i.Boot_JumpToApp)
    Boot_ManageStart                         0x08001891   Thumb Code    64  myboot.o(i.Boot_ManageStart)
    BusFault_Handler                         0x08001925   Thumb Code     2  stm32f4xx_it.o(i.BusFault_Handler)
    DebugMon_Handler                         0x08001927   Thumb Code     2  stm32f4xx_it.o(i.DebugMon_Handler)
    ESP8266_Init                             0x08001929   Thumb Code    68  bsp_esp8266.o(i.ESP8266_Init)
    Error_Handler                            0x0800197d   Thumb Code     4  main.o(i.Error_Handler)
    FATFS_LinkDriver                         0x08001981   Thumb Code     6  ff_gen_drv.o(i.FATFS_LinkDriver)
    FATFS_LinkDriverEx                       0x08001989   Thumb Code    58  ff_gen_drv.o(i.FATFS_LinkDriverEx)
    FLASH_Erase_Sector                       0x080019c9   Thumb Code    74  stm32f4xx_hal_flash_ex.o(i.FLASH_Erase_Sector)
    FLASH_FlushCaches                        0x08001a19   Thumb Code    80  stm32f4xx_hal_flash_ex.o(i.FLASH_FlushCaches)
    FLASH_WaitForLastOperation               0x08001b91   Thumb Code    72  stm32f4xx_hal_flash.o(i.FLASH_WaitForLastOperation)
    HAL_DMA_Abort                            0x08001be1   Thumb Code   146  stm32f4xx_hal_dma.o(i.HAL_DMA_Abort)
    HAL_DMA_Abort_IT                         0x08001c73   Thumb Code    36  stm32f4xx_hal_dma.o(i.HAL_DMA_Abort_IT)
    HAL_Delay                                0x08001c99   Thumb Code    32  stm32f4xx_hal.o(i.HAL_Delay)
    HAL_FLASHEx_Erase                        0x08001cbd   Thumb Code   144  stm32f4xx_hal_flash_ex.o(i.HAL_FLASHEx_Erase)
    HAL_FLASH_Lock                           0x08001d55   Thumb Code    14  stm32f4xx_hal_flash.o(i.HAL_FLASH_Lock)
    HAL_FLASH_Program                        0x08001d69   Thumb Code   116  stm32f4xx_hal_flash.o(i.HAL_FLASH_Program)
    HAL_FLASH_Unlock                         0x08001de5   Thumb Code    32  stm32f4xx_hal_flash.o(i.HAL_FLASH_Unlock)
    HAL_GPIO_Init                            0x08001e11   Thumb Code   450  stm32f4xx_hal_gpio.o(i.HAL_GPIO_Init)
    HAL_GetTick                              0x08002001   Thumb Code     6  stm32f4xx_hal.o(i.HAL_GetTick)
    HAL_IncTick                              0x0800200d   Thumb Code    12  stm32f4xx_hal.o(i.HAL_IncTick)
    HAL_Init                                 0x0800201d   Thumb Code    48  stm32f4xx_hal.o(i.HAL_Init)
    HAL_InitTick                             0x08002051   Thumb Code    54  stm32f4xx_hal.o(i.HAL_InitTick)
    HAL_MspInit                              0x08002091   Thumb Code    42  stm32f4xx_hal_msp.o(i.HAL_MspInit)
    HAL_NVIC_EnableIRQ                       0x080020c1   Thumb Code    26  stm32f4xx_hal_cortex.o(i.HAL_NVIC_EnableIRQ)
    HAL_NVIC_SetPriority                     0x080020dd   Thumb Code    60  stm32f4xx_hal_cortex.o(i.HAL_NVIC_SetPriority)
    HAL_NVIC_SetPriorityGrouping             0x0800211d   Thumb Code    26  stm32f4xx_hal_cortex.o(i.HAL_NVIC_SetPriorityGrouping)
    HAL_RCC_ClockConfig                      0x08002141   Thumb Code   288  stm32f4xx_hal_rcc.o(i.HAL_RCC_ClockConfig)
    HAL_RCC_GetPCLK1Freq                     0x08002275   Thumb Code    20  stm32f4xx_hal_rcc.o(i.HAL_RCC_GetPCLK1Freq)
    HAL_RCC_GetPCLK2Freq                     0x08002295   Thumb Code    20  stm32f4xx_hal_rcc.o(i.HAL_RCC_GetPCLK2Freq)
    HAL_RCC_GetSysClockFreq                  0x080022b5   Thumb Code    88  stm32f4xx_hal_rcc.o(i.HAL_RCC_GetSysClockFreq)
    HAL_RCC_OscConfig                        0x08002315   Thumb Code   856  stm32f4xx_hal_rcc.o(i.HAL_RCC_OscConfig)
    HAL_SD_ConfigWideBusOperation            0x08002681   Thumb Code   276  stm32f4xx_hal_sd.o(i.HAL_SD_ConfigWideBusOperation)
    HAL_SD_GetCardCSD                        0x08002799   Thumb Code   402  stm32f4xx_hal_sd.o(i.HAL_SD_GetCardCSD)
    HAL_SD_GetCardInfo                       0x08002931   Thumb Code    36  stm32f4xx_hal_sd.o(i.HAL_SD_GetCardInfo)
    HAL_SD_GetCardState                      0x08002955   Thumb Code    44  stm32f4xx_hal_sd.o(i.HAL_SD_GetCardState)
    HAL_SD_Init                              0x08002981   Thumb Code    54  stm32f4xx_hal_sd.o(i.HAL_SD_Init)
    HAL_SD_InitCard                          0x080029b9   Thumb Code   116  stm32f4xx_hal_sd.o(i.HAL_SD_InitCard)
    HAL_SD_MspInit                           0x08002a35   Thumb Code   130  sdio.o(i.HAL_SD_MspInit)
    HAL_SD_ReadBlocks                        0x08002ac9   Thumb Code   476  stm32f4xx_hal_sd.o(i.HAL_SD_ReadBlocks)
    HAL_SD_WriteBlocks                       0x08002ca9   Thumb Code   428  stm32f4xx_hal_sd.o(i.HAL_SD_WriteBlocks)
    HAL_SYSTICK_Config                       0x08002e59   Thumb Code    40  stm32f4xx_hal_cortex.o(i.HAL_SYSTICK_Config)
    HAL_UARTEx_RxEventCallback               0x08002e81   Thumb Code     2  stm32f4xx_hal_uart.o(i.HAL_UARTEx_RxEventCallback)
    HAL_UART_ErrorCallback                   0x08002e83   Thumb Code     2  stm32f4xx_hal_uart.o(i.HAL_UART_ErrorCallback)
    HAL_UART_IRQHandler                      0x08002e85   Thumb Code   618  stm32f4xx_hal_uart.o(i.HAL_UART_IRQHandler)
    HAL_UART_Init                            0x080030f5   Thumb Code   100  stm32f4xx_hal_uart.o(i.HAL_UART_Init)
    HAL_UART_MspInit                         0x08003159   Thumb Code    94  usart.o(i.HAL_UART_MspInit)
    HAL_UART_Receive                         0x080031c5   Thumb Code   176  stm32f4xx_hal_uart.o(i.HAL_UART_Receive)
    HAL_UART_RxCpltCallback                  0x08003275   Thumb Code     2  stm32f4xx_hal_uart.o(i.HAL_UART_RxCpltCallback)
    HAL_UART_Transmit                        0x08003277   Thumb Code   160  stm32f4xx_hal_uart.o(i.HAL_UART_Transmit)
    HAL_UART_TxCpltCallback                  0x08003317   Thumb Code     2  stm32f4xx_hal_uart.o(i.HAL_UART_TxCpltCallback)
    HardFault_Handler                        0x08003319   Thumb Code     2  stm32f4xx_it.o(i.HardFault_Handler)
    MX_FATFS_Init                            0x0800331d   Thumb Code    18  fatfs.o(i.MX_FATFS_Init)
    MX_GPIO_Init                             0x08003339   Thumb Code    70  gpio.o(i.MX_GPIO_Init)
    MX_SDIO_SD_Init                          0x08003385   Thumb Code    24  sdio.o(i.MX_SDIO_SD_Init)
    MX_USART1_UART_Init                      0x080033a5   Thumb Code    48  usart.o(i.MX_USART1_UART_Init)
    MemManage_Handler                        0x080033dd   Thumb Code     2  stm32f4xx_it.o(i.MemManage_Handler)
    My_putchar                               0x080033e1   Thumb Code    12  usart.o(i.My_putchar)
    My_putstr                                0x080033f1   Thumb Code    22  usart.o(i.My_putstr)
    NMI_Handler                              0x08003407   Thumb Code     2  stm32f4xx_it.o(i.NMI_Handler)
    OTA_DeviceFirmwareGet                    0x08003409   Thumb Code   372  ota_command.o(i.OTA_DeviceFirmwareGet)
    OTA_DeviceInform                         0x08003815   Thumb Code    70  ota_command.o(i.OTA_DeviceInform)
    OTA_DownloadFirmware                     0x08003925   Thumb Code   384  ota_command.o(i.OTA_DownloadFirmware)
    OTA_MenuSelect                           0x08003d5d   Thumb Code   164  ota_command.o(i.OTA_MenuSelect)
    OTA_ParseFirmwareInfo                    0x08003f9d   Thumb Code   254  json_handle.o(i.OTA_ParseFirmwareInfo)
    OTA_ReportProgress                       0x08004201   Thumb Code   128  ota_command.o(i.OTA_ReportProgress)
    PendSV_Handler                           0x0800431d   Thumb Code     2  stm32f4xx_it.o(i.PendSV_Handler)
    SDIO_ConfigData                          0x0800431f   Thumb Code    36  stm32f4xx_ll_sdmmc.o(i.SDIO_ConfigData)
    SDIO_GetPowerState                       0x08004343   Thumb Code     8  stm32f4xx_ll_sdmmc.o(i.SDIO_GetPowerState)
    SDIO_GetResponse                         0x0800434b   Thumb Code     6  stm32f4xx_ll_sdmmc.o(i.SDIO_GetResponse)
    SDIO_Init                                0x08004351   Thumb Code    36  stm32f4xx_ll_sdmmc.o(i.SDIO_Init)
    SDIO_PowerState_ON                       0x08004375   Thumb Code     8  stm32f4xx_ll_sdmmc.o(i.SDIO_PowerState_ON)
    SDIO_ReadFIFO                            0x0800437d   Thumb Code     6  stm32f4xx_ll_sdmmc.o(i.SDIO_ReadFIFO)
    SDIO_SendCommand                         0x08004383   Thumb Code    32  stm32f4xx_ll_sdmmc.o(i.SDIO_SendCommand)
    SDIO_WriteFIFO                           0x080043a3   Thumb Code    10  stm32f4xx_ll_sdmmc.o(i.SDIO_WriteFIFO)
    SDMMC_CmdAppCommand                      0x080043ad   Thumb Code    50  stm32f4xx_ll_sdmmc.o(i.SDMMC_CmdAppCommand)
    SDMMC_CmdAppOperCommand                  0x080043e1   Thumb Code    48  stm32f4xx_ll_sdmmc.o(i.SDMMC_CmdAppOperCommand)
    SDMMC_CmdBlockLength                     0x08004415   Thumb Code    50  stm32f4xx_ll_sdmmc.o(i.SDMMC_CmdBlockLength)
    SDMMC_CmdBusWidth                        0x08004447   Thumb Code    50  stm32f4xx_ll_sdmmc.o(i.SDMMC_CmdBusWidth)
    SDMMC_CmdGoIdleState                     0x08004479   Thumb Code    74  stm32f4xx_ll_sdmmc.o(i.SDMMC_CmdGoIdleState)
    SDMMC_CmdOperCond                        0x080044c9   Thumb Code    48  stm32f4xx_ll_sdmmc.o(i.SDMMC_CmdOperCond)
    SDMMC_CmdReadMultiBlock                  0x080044f9   Thumb Code    50  stm32f4xx_ll_sdmmc.o(i.SDMMC_CmdReadMultiBlock)
    SDMMC_CmdReadSingleBlock                 0x0800452b   Thumb Code    50  stm32f4xx_ll_sdmmc.o(i.SDMMC_CmdReadSingleBlock)
    SDMMC_CmdSelDesel                        0x0800455d   Thumb Code    50  stm32f4xx_ll_sdmmc.o(i.SDMMC_CmdSelDesel)
    SDMMC_CmdSendCID                         0x0800458f   Thumb Code    44  stm32f4xx_ll_sdmmc.o(i.SDMMC_CmdSendCID)
    SDMMC_CmdSendCSD                         0x080045bb   Thumb Code    44  stm32f4xx_ll_sdmmc.o(i.SDMMC_CmdSendCSD)
    SDMMC_CmdSendSCR                         0x080045e7   Thumb Code    48  stm32f4xx_ll_sdmmc.o(i.SDMMC_CmdSendSCR)
    SDMMC_CmdSendStatus                      0x08004617   Thumb Code    50  stm32f4xx_ll_sdmmc.o(i.SDMMC_CmdSendStatus)
    SDMMC_CmdSetRelAdd                       0x08004649   Thumb Code    48  stm32f4xx_ll_sdmmc.o(i.SDMMC_CmdSetRelAdd)
    SDMMC_CmdStopTransfer                    0x08004679   Thumb Code    46  stm32f4xx_ll_sdmmc.o(i.SDMMC_CmdStopTransfer)
    SDMMC_CmdWriteMultiBlock                 0x080046ad   Thumb Code    50  stm32f4xx_ll_sdmmc.o(i.SDMMC_CmdWriteMultiBlock)
    SDMMC_CmdWriteSingleBlock                0x080046df   Thumb Code    50  stm32f4xx_ll_sdmmc.o(i.SDMMC_CmdWriteSingleBlock)
    SDMMC_GetCmdResp1                        0x08004711   Thumb Code   278  stm32f4xx_ll_sdmmc.o(i.SDMMC_GetCmdResp1)
    SDMMC_GetCmdResp2                        0x08004831   Thumb Code    76  stm32f4xx_ll_sdmmc.o(i.SDMMC_GetCmdResp2)
    SDMMC_GetCmdResp3                        0x08004881   Thumb Code    62  stm32f4xx_ll_sdmmc.o(i.SDMMC_GetCmdResp3)
    SDMMC_GetCmdResp6                        0x080048c5   Thumb Code   130  stm32f4xx_ll_sdmmc.o(i.SDMMC_GetCmdResp6)
    SDMMC_GetCmdResp7                        0x0800494d   Thumb Code    82  stm32f4xx_ll_sdmmc.o(i.SDMMC_GetCmdResp7)
    SD_initialize                            0x08004c49   Thumb Code    28  sd_diskio.o(i.SD_initialize)
    SD_ioctl                                 0x08004c69   Thumb Code    76  sd_diskio.o(i.SD_ioctl)
    SD_read                                  0x08004cb9   Thumb Code    38  sd_diskio.o(i.SD_read)
    SD_status                                0x08004cdf   Thumb Code     4  sd_diskio.o(i.SD_status)
    SD_write                                 0x08004ce5   Thumb Code    38  sd_diskio.o(i.SD_write)
    SVC_Handler                              0x08004d0b   Thumb Code     2  stm32f4xx_it.o(i.SVC_Handler)
    SysTick_Handler                          0x08004d0d   Thumb Code     4  stm32f4xx_it.o(i.SysTick_Handler)
    SystemClock_Config                       0x08004d11   Thumb Code   138  main.o(i.SystemClock_Config)
    SystemCoreClockUpdate                    0x08004da5   Thumb Code   104  system_stm32f4xx.o(i.SystemCoreClockUpdate)
    SystemInit                               0x08004e1d   Thumb Code    12  system_stm32f4xx.o(i.SystemInit)
    UART1_Init                               0x08004e2d   Thumb Code   304  bsp_uart.o(i.UART1_Init)
    UART1_RingBuffer_Init                    0x08004fdd   Thumb Code    38  usart.o(i.UART1_RingBuffer_Init)
    UART2_Init                               0x0800500d   Thumb Code   288  bsp_uart.o(i.UART2_Init)
    UART3_ClearRx                            0x08005149   Thumb Code     8  bsp_uart.o(i.UART3_ClearRx)
    UART3_GetRxData                          0x08005155   Thumb Code     6  bsp_uart.o(i.UART3_GetRxData)
    UART3_GetRxNum                           0x08005161   Thumb Code     6  bsp_uart.o(i.UART3_GetRxNum)
    UART3_Init                               0x0800516d   Thumb Code   290  bsp_uart.o(i.UART3_Init)
    UART3_SendAT                             0x080052d9   Thumb Code    58  bsp_uart.o(i.UART3_SendAT)
    UART3_SendData                           0x08005319   Thumb Code    60  bsp_uart.o(i.UART3_SendData)
    UART3_SendString                         0x0800535d   Thumb Code    56  bsp_uart.o(i.UART3_SendString)
    UPDC32                                   0x08005635   Thumb Code    16  crctab.o(i.UPDC32)
    USART1_IRQHandler                        0x08005649   Thumb Code    40  usart.o(i.USART1_IRQHandler)
    USART2_IRQHandler                        0x0800567d   Thumb Code   164  bsp_uart.o(i.USART2_IRQHandler)
    USART3_IRQHandler                        0x08005759   Thumb Code   160  bsp_uart.o(i.USART3_IRQHandler)
    UsageFault_Handler                       0x08005835   Thumb Code     2  stm32f4xx_it.o(i.UsageFault_Handler)
    W25Q128_Init                             0x08005839   Thumb Code   190  bsp_w25q128.o(i.W25Q128_Init)
    W25Q128_ReadData                         0x08005915   Thumb Code    82  bsp_w25q128.o(i.W25Q128_ReadData)
    _4G_GetDateYMD                           0x08005971   Thumb Code   156  bsp_4g.o(i._4G_GetDateYMD)
    _4G_get_time_extern                      0x08005a41   Thumb Code    28  bsp_4g.o(i._4G_get_time_extern)
    __0printf                                0x08005a61   Thumb Code    22  printfa.o(i.__0printf)
    __1printf                                0x08005a61   Thumb Code     0  printfa.o(i.__0printf)
    __2printf                                0x08005a61   Thumb Code     0  printfa.o(i.__0printf)
    __c89printf                              0x08005a61   Thumb Code     0  printfa.o(i.__0printf)
    printf                                   0x08005a61   Thumb Code     0  printfa.o(i.__0printf)
    __0sprintf                               0x08005a81   Thumb Code    34  printfa.o(i.__0sprintf)
    __1sprintf                               0x08005a81   Thumb Code     0  printfa.o(i.__0sprintf)
    __2sprintf                               0x08005a81   Thumb Code     0  printfa.o(i.__0sprintf)
    __c89sprintf                             0x08005a81   Thumb Code     0  printfa.o(i.__0sprintf)
    sprintf                                  0x08005a81   Thumb Code     0  printfa.o(i.__0sprintf)
    __0vsnprintf                             0x08005aa9   Thumb Code    46  printfa.o(i.__0vsnprintf)
    __1vsnprintf                             0x08005aa9   Thumb Code     0  printfa.o(i.__0vsnprintf)
    __2vsnprintf                             0x08005aa9   Thumb Code     0  printfa.o(i.__0vsnprintf)
    __c89vsnprintf                           0x08005aa9   Thumb Code     0  printfa.o(i.__0vsnprintf)
    vsnprintf                                0x08005aa9   Thumb Code     0  printfa.o(i.__0vsnprintf)
    __ARM_fpclassify                         0x08005add   Thumb Code    48  fpclassify.o(i.__ARM_fpclassify)
    __hardfp_pow                             0x08005b31   Thumb Code  3072  pow.o(i.__hardfp_pow)
    __kernel_poly                            0x08006781   Thumb Code   248  poly.o(i.__kernel_poly)
    __mathlib_dbl_divzero                    0x08006879   Thumb Code    28  dunder.o(i.__mathlib_dbl_divzero)
    __mathlib_dbl_infnan2                    0x080068a9   Thumb Code    20  dunder.o(i.__mathlib_dbl_infnan2)
    __mathlib_dbl_invalid                    0x080068c1   Thumb Code    24  dunder.o(i.__mathlib_dbl_invalid)
    __mathlib_dbl_overflow                   0x080068e1   Thumb Code    24  dunder.o(i.__mathlib_dbl_overflow)
    __mathlib_dbl_underflow                  0x08006901   Thumb Code    24  dunder.o(i.__mathlib_dbl_underflow)
    __scatterload_copy                       0x08006921   Thumb Code    14  handlers.o(i.__scatterload_copy)
    __scatterload_null                       0x0800692f   Thumb Code     2  handlers.o(i.__scatterload_null)
    __scatterload_zeroinit                   0x08006931   Thumb Code    14  handlers.o(i.__scatterload_zeroinit)
    __set_errno                              0x08006941   Thumb Code     6  errno.o(i.__set_errno)
    be32_to_cpu                              0x0800726f   Thumb Code    24  myboot.o(i.be32_to_cpu)
    cJSON_Delete                             0x08007289   Thumb Code    66  cjson.o(i.cJSON_Delete)
    cJSON_GetObjectItem                      0x080072d1   Thumb Code    28  cjson.o(i.cJSON_GetObjectItem)
    cJSON_Parse                              0x08007309   Thumb Code     8  cjson.o(i.cJSON_Parse)
    cJSON_ParseWithOpts                      0x08007311   Thumb Code    92  cjson.o(i.cJSON_ParseWithOpts)
    disk_initialize                          0x08008011   Thumb Code    38  diskio.o(i.disk_initialize)
    disk_ioctl                               0x0800803d   Thumb Code    24  diskio.o(i.disk_ioctl)
    disk_read                                0x08008059   Thumb Code    24  diskio.o(i.disk_read)
    disk_status                              0x08008075   Thumb Code    18  diskio.o(i.disk_status)
    disk_write                               0x0800808d   Thumb Code    24  diskio.o(i.disk_write)
    extern_Backup_App_With_Header            0x0800850d   Thumb Code   450  fat_cmd.o(i.extern_Backup_App_With_Header)
    f_close                                  0x080088a9   Thumb Code    40  ff.o(i.f_close)
    f_closedir                               0x080088d1   Thumb Code    34  ff.o(i.f_closedir)
    f_mount                                  0x080088f5   Thumb Code    84  ff.o(i.f_mount)
    f_open                                   0x0800894d   Thumb Code   520  ff.o(i.f_open)
    f_opendir                                0x08008b59   Thumb Code   130  ff.o(i.f_opendir)
    f_read                                   0x08008bdb   Thumb Code   338  ff.o(i.f_read)
    f_readdir                                0x08008d2d   Thumb Code    64  ff.o(i.f_readdir)
    f_stat                                   0x08008d6d   Thumb Code    60  ff.o(i.f_stat)
    f_sync                                   0x08008da9   Thumb Code   142  ff.o(i.f_sync)
    f_unlink                                 0x08008e37   Thumb Code   158  ff.o(i.f_unlink)
    f_write                                  0x08008ed5   Thumb Code   398  ff.o(i.f_write)
    fabs                                     0x08009063   Thumb Code    24  fabs.o(i.fabs)
    ff_convert                               0x0800922d   Thumb Code   106  cc936.o(i.ff_convert)
    ff_wtoupper                              0x0800929d   Thumb Code   120  cc936.o(i.ff_wtoupper)
    fgetc                                    0x0800931d   Thumb Code    20  usart.o(i.fgetc)
    fileno                                   0x08009335   Thumb Code     4  file.o(i.fileno)
    find_cmd                                 0x08009339   Thumb Code    38  command.o(i.find_cmd)
    flush_buffer                             0x080095d9   Thumb Code    82  file.o(i.flush_buffer)
    fopen2                                   0x080096a9   Thumb Code    16  file.o(i.fopen2)
    fputc                                    0x080096c1   Thumb Code    20  usart.o(i.fputc)
    free                                     0x080096d9   Thumb Code    76  malloc.o(i.free)
    fstat                                    0x08009729   Thumb Code    12  file.o(i.fstat)
    fwrite2                                  0x08009739   Thumb Code   120  file.o(i.fwrite2)
    get_cmds                                 0x08009845   Thumb Code     4  command.o(i.get_cmds)
    get_fattime                              0x0800990b   Thumb Code     4  fatfs.o(i.get_fattime)
    getc                                     0x08009a3f   Thumb Code     4  getc.o(i.getc)
    getchar2                                 0x08009a45   Thumb Code    20  usart.o(i.getchar2)
    io_mode                                  0x08009b7d   Thumb Code     6  rbsb.o(i.io_mode)
    main                                     0x08009d85   Thumb Code   144  main.o(i.main)
    malloc                                   0x08009ed9   Thumb Code    92  malloc.o(i.malloc)
    msh_exec                                 0x08009f99   Thumb Code    78  parser.o(i.msh_exec)
    popen                                    0x0800a701   Thumb Code     4  file.o(i.popen)
    putc                                     0x0800a7ef   Thumb Code     4  putc.o(i.putc)
    putc2                                    0x0800a7f5   Thumb Code    76  file.o(i.putc2)
    putdatas                                 0x0800a849   Thumb Code    24  usart.o(i.putdatas)
    puthex                                   0x0800a861   Thumb Code    50  myboot.o(i.puthex)
    relocate_and_start_app                   0x0800abad   Thumb Code   310  myboot.o(i.relocate_and_start_app)
    ring_buffer_init                         0x0800aea1   Thumb Code    12  ring_buffer.o(i.ring_buffer_init)
    ring_buffer_read                         0x0800aead   Thumb Code    42  ring_buffer.o(i.ring_buffer_read)
    ring_buffer_write                        0x0800aed7   Thumb Code    28  ring_buffer.o(i.ring_buffer_write)
    rz                                       0x0800aef5   Thumb Code    50  mrz.o(i.rz)
    rz_init                                  0x0800af49   Thumb Code   210  lrz.o(i.rz_init)
    sendbrk                                  0x0800b955   Thumb Code     2  rbsb.o(i.sendbrk)
    shell                                    0x0800b959   Thumb Code   540  shell.o(i.shell)
    sleep                                    0x0800bc99   Thumb Code     4  file.o(i.sleep)
    sqrt                                     0x0800bc9d   Thumb Code   110  sqrt.o(i.sqrt)
    updcrc                                   0x0800be41   Thumb Code    18  crctab.o(i.updcrc)
    zm_ackbibi                               0x0800bee5   Thumb Code    64  zm.o(i.zm_ackbibi)
    zm_do_crc_check                          0x0800bf25   Thumb Code   154  zm.o(i.zm_do_crc_check)
    zm_get_header                            0x0800c159   Thumb Code   340  zm.o(i.zm_get_header)
    zm_init                                  0x0800c2ed   Thumb Code    70  zm.o(i.zm_init)
    zm_receive_data                          0x0800c581   Thumb Code   188  zm.o(i.zm_receive_data)
    zm_reclaim_receive_header                0x0800c63d   Thumb Code    22  zm.o(i.zm_reclaim_receive_header)
    zm_send_hex_header                       0x0800c655   Thumb Code   184  zm.o(i.zm_send_hex_header)
    zm_set_header_payload                    0x0800c70d   Thumb Code    16  zm.o(i.zm_set_header_payload)
    zm_set_header_payload_bytes              0x0800c71d   Thumb Code    14  zm.o(i.zm_set_header_payload_bytes)
    zmodem_receive                           0x0800c72b   Thumb Code   150  lrz.o(i.zmodem_receive)
    zreadline_canit                          0x0800c7d9   Thumb Code    20  zreadline.o(i.zreadline_canit)
    zreadline_flushline                      0x0800c7f1   Thumb Code     2  zreadline.o(i.zreadline_flushline)
    zreadline_getc                           0x0800c7f3   Thumb Code    10  zreadline.o(i.zreadline_getc)
    zreadline_init                           0x0800c7fd   Thumb Code    32  zreadline.o(i.zreadline_init)
    AHBPrescTable                            0x0800c820   Data          16  system_stm32f4xx.o(.constdata)
    APBPrescTable                            0x0800c830   Data           8  system_stm32f4xx.o(.constdata)
    hex_tab                                  0x0800c838   Data          16  myboot.o(.constdata)
    SD_Driver                                0x0800c868   Data          20  sd_diskio.o(.constdata)
    __ctype_table                            0x0800cbe0   Data         129  ctype_o.o(.constdata)
    __mathlib_zero                           0x0800cc68   Data           8  qnan.o(.constdata)
    Region$$Table$$Base                      0x0800cfcc   Number         0  anon$$obj.o(Region$$Table)
    Region$$Table$$Limit                     0x0800cfec   Number         0  anon$$obj.o(Region$$Table)
    uwTickFreq                               0x20000000   Data           1  stm32f4xx_hal.o(.data)
    uwTickPrio                               0x20000004   Data           4  stm32f4xx_hal.o(.data)
    uwTick                                   0x20000008   Data           4  stm32f4xx_hal.o(.data)
    SystemCoreClock                          0x2000000c   Data           4  system_stm32f4xx.o(.data)
    help_cmd                                 0x20000030   Data          16  help_cmd.o(.data)
    OTA_cmd                                  0x20000054   Data          16  ota_command.o(.data)
    clean_cmd                                0x20000064   Data          16  clean_cmd.o(.data)
    go_cmd                                   0x20000078   Data          16  go_cmd.o(.data)
    Fat_cmd                                  0x2000009c   Data          16  fat_cmd.o(.data)
    crctab                                   0x200000b0   Data         512  crctab.o(.data)
    cr3tab                                   0x200002b0   Data        1024  crctab.o(.data)
    rz_cmd                                   0x200006b0   Data          16  mrz.o(.data)
    retSD                                    0x200006f1   Data           1  fatfs.o(.data)
    SDPath                                   0x200006f2   Data           4  fatfs.o(.data)
    __stdout                                 0x20000700   Data           4  stdout.o(.data)
    __microlib_freelist                      0x20000704   Data           4  mvars.o(.data)
    __microlib_freelist_initialised          0x20000708   Data           4  mvars.o(.data)
    hsd                                      0x20000710   Data         132  sdio.o(.bss)
    rx_buf                                   0x20000794   Data         264  usart.o(.bss)
    huart1                                   0x2000089c   Data          72  usart.o(.bss)
    pFlash                                   0x200008e4   Data          32  stm32f4xx_hal_flash.o(.bss)
    g_shell                                  0x20000904   Data         492  shell.o(.bss)
    xESP8266                                 0x20006d20   Data        1044  bsp_esp8266.o(.bss)
    xW25Q128                                 0x2000764c   Data          24  bsp_w25q128.o(.bss)
    W25Q128_buffer                           0x20007664   Data        4096  bsp_w25q128.o(.bss)
    SDFatFS                                  0x20008d74   Data         564  fatfs.o(.bss)
    SDFile                                   0x20008fa8   Data         560  fatfs.o(.bss)
    disk                                     0x200093f8   Data          12  ff_gen_drv.o(.bss)
    __heap_base                              0x20009408   Data           0  startup_stm32f407xx.o(HEAP)
    __heap_limit                             0x2000a408   Data           0  startup_stm32f407xx.o(HEAP)
    __initial_sp                             0x2000b408   Data           0  startup_stm32f407xx.o(STACK)



==============================================================================

Memory Map of the image

  Image Entry point : 0x08000189

  Load Region LR_IROM1 (Base: 0x08000000, Size: 0x0000d6fc, Max: 0x00080000, ABSOLUTE, COMPRESSED[0x0000d68c])

    Execution Region ER_IROM1 (Exec base: 0x08000000, Load base: 0x08000000, Size: 0x0000cfec, Max: 0x00080000, ABSOLUTE)

    Exec Addr    Load Addr    Size         Type   Attr      Idx    E Section Name        Object

    0x08000000   0x08000000   0x00000188   Data   RO            3    RESET               startup_stm32f407xx.o
    0x08000188   0x08000188   0x00000000   Code   RO         5204  * .ARM.Collect$$$$00000000  mc_w.l(entry.o)
    0x08000188   0x08000188   0x00000004   Code   RO         5634    .ARM.Collect$$$$00000001  mc_w.l(entry2.o)
    0x0800018c   0x0800018c   0x00000004   Code   RO         5637    .ARM.Collect$$$$00000004  mc_w.l(entry5.o)
    0x08000190   0x08000190   0x00000000   Code   RO         5639    .ARM.Collect$$$$00000008  mc_w.l(entry7b.o)
    0x08000190   0x08000190   0x00000000   Code   RO         5641    .ARM.Collect$$$$0000000A  mc_w.l(entry8b.o)
    0x08000190   0x08000190   0x00000008   Code   RO         5642    .ARM.Collect$$$$0000000B  mc_w.l(entry9a.o)
    0x08000198   0x08000198   0x00000004   Code   RO         5649    .ARM.Collect$$$$0000000E  mc_w.l(entry12b.o)
    0x0800019c   0x0800019c   0x00000000   Code   RO         5644    .ARM.Collect$$$$0000000F  mc_w.l(entry10a.o)
    0x0800019c   0x0800019c   0x00000000   Code   RO         5646    .ARM.Collect$$$$00000011  mc_w.l(entry11a.o)
    0x0800019c   0x0800019c   0x00000004   Code   RO         5635    .ARM.Collect$$$$00002712  mc_w.l(entry2.o)
    0x080001a0   0x080001a0   0x00000034   Code   RO            4    .text               startup_stm32f407xx.o
    0x080001d4   0x080001d4   0x00000062   Code   RO         5224    .text               mc_w.l(uldiv.o)
    0x08000236   0x08000236   0x00000002   PAD
    0x08000238   0x08000238   0x00000008   Code   RO         5226    .text               mc_w.l(ctype_o.o)
    0x08000240   0x08000240   0x00000012   Code   RO         5248    .text               mc_w.l(isspace_o.o)
    0x08000252   0x08000252   0x0000000c   Code   RO         5254    .text               mc_w.l(tolower.o)
    0x0800025e   0x0800025e   0x00000040   Code   RO         5258    .text               mc_w.l(memmovea.o)
    0x0800029e   0x0800029e   0x00000024   Code   RO         5260    .text               mc_w.l(memseta.o)
    0x080002c2   0x080002c2   0x00000024   Code   RO         5262    .text               mc_w.l(strstr.o)
    0x080002e6   0x080002e6   0x00000018   Code   RO         5264    .text               mc_w.l(strncpy.o)
    0x080002fe   0x080002fe   0x00000014   Code   RO         5266    .text               mc_w.l(strchr.o)
    0x08000312   0x08000312   0x0000000e   Code   RO         5268    .text               mc_w.l(strlen.o)
    0x08000320   0x08000320   0x0000001c   Code   RO         5270    .text               mc_w.l(strcmp.o)
    0x0800033c   0x0800033c   0x0000001a   Code   RO         5272    .text               mc_w.l(memcmp.o)
    0x08000356   0x08000356   0x00000012   Code   RO         5274    .text               mc_w.l(strcpy.o)
    0x08000368   0x08000368   0x0000001e   Code   RO         5276    .text               mc_w.l(strncmp.o)
    0x08000386   0x08000386   0x00000016   Code   RO         5284    .text               mc_w.l(strrchr.o)
    0x0800039c   0x0800039c   0x00000020   Code   RO         5286    .text               mc_w.l(strpbrk.o)
    0x080003bc   0x080003bc   0x00000038   Code   RO         5581    .text               mc_w.l(__0sscanf.o)
    0x080003f4   0x080003f4   0x0000014c   Code   RO         5583    .text               mc_w.l(_scanf_int.o)
    0x08000540   0x08000540   0x0000014e   Code   RO         5587    .text               mf_w.l(dadd.o)
    0x0800068e   0x0800068e   0x000000e4   Code   RO         5589    .text               mf_w.l(dmul.o)
    0x08000772   0x08000772   0x00000022   Code   RO         5591    .text               mf_w.l(dflti.o)
    0x08000794   0x08000794   0x0000003e   Code   RO         5593    .text               mf_w.l(dfixi.o)
    0x080007d2   0x080007d2   0x00000002   PAD
    0x080007d4   0x080007d4   0x00000030   Code   RO         5601    .text               mf_w.l(cdrcmple.o)
    0x08000804   0x08000804   0x0000002c   Code   RO         5650    .text               mc_w.l(uidiv.o)
    0x08000830   0x08000830   0x0000001e   Code   RO         5652    .text               mc_w.l(llshl.o)
    0x0800084e   0x0800084e   0x00000020   Code   RO         5654    .text               mc_w.l(llushr.o)
    0x0800086e   0x0800086e   0x00000024   Code   RO         5656    .text               mc_w.l(llsshr.o)
    0x08000892   0x08000892   0x0000001c   Code   RO         5667    .text               mc_w.l(_chval.o)
    0x080008ae   0x080008ae   0x00000002   PAD
    0x080008b0   0x080008b0   0x00000028   Code   RO         5669    .text               mc_w.l(scanf_char.o)
    0x080008d8   0x080008d8   0x00000040   Code   RO         5671    .text               mc_w.l(_sgetc.o)
    0x08000918   0x08000918   0x00000000   Code   RO         5677    .text               mc_w.l(iusefp.o)
    0x08000918   0x08000918   0x000000ba   Code   RO         5678    .text               mf_w.l(depilogue.o)
    0x080009d2   0x080009d2   0x000000de   Code   RO         5680    .text               mf_w.l(ddiv.o)
    0x08000ab0   0x08000ab0   0x0000002e   Code   RO         5684    .text               mf_w.l(dscalb.o)
    0x08000ade   0x08000ade   0x00000030   Code   RO         5686    .text               mf_w.l(dfixul.o)
    0x08000b0e   0x08000b0e   0x00000002   PAD
    0x08000b10   0x08000b10   0x00000024   Code   RO         5688    .text               mc_w.l(init.o)
    0x08000b34   0x08000b34   0x00000330   Code   RO         5692    .text               mc_w.l(_scanf.o)
    0x08000e64   0x08000e64   0x000000a2   Code   RO         5700    .text               mf_w.l(dsqrt.o)
    0x08000f06   0x08000f06   0x00000056   Code   RO         5719    .text               mc_w.l(__dczerorl2.o)
    0x08000f5c   0x08000f5c   0x000003cc   Code   RO         3555    i.Aliyun_4GConnect  bsp_4g.o
    0x08001328   0x08001328   0x0000000c   Code   RO         4439    i.BSP_SD_GetCardInfo  bsp_driver_sd.o
    0x08001334   0x08001334   0x00000018   Code   RO         4440    i.BSP_SD_GetCardState  bsp_driver_sd.o
    0x0800134c   0x0800134c   0x00000030   Code   RO         4442    i.BSP_SD_Init       bsp_driver_sd.o
    0x0800137c   0x0800137c   0x0000000e   Code   RO         4443    i.BSP_SD_IsDetected  bsp_driver_sd.o
    0x0800138a   0x0800138a   0x00000002   PAD
    0x0800138c   0x0800138c   0x00000020   Code   RO         4444    i.BSP_SD_ReadBlocks  bsp_driver_sd.o
    0x080013ac   0x080013ac   0x00000020   Code   RO         4447    i.BSP_SD_WriteBlocks  bsp_driver_sd.o
    0x080013cc   0x080013cc   0x00000358   Code   RO         3741    i.Backup_App_With_Header  fat_cmd.o
    0x08001724   0x08001724   0x00000008   Code   RO         2571    i.Boot_CheckAppValid  myboot.o
    0x0800172c   0x0800172c   0x0000001a   Code   RO         2572    i.Boot_CheckSectorEmpty  myboot.o
    0x08001746   0x08001746   0x00000002   PAD
    0x08001748   0x08001748   0x000000ec   Code   RO         2573    i.Boot_EraseSector6  myboot.o
    0x08001834   0x08001834   0x0000005c   Code   RO         2574    i.Boot_JumpToApp    myboot.o
    0x08001890   0x08001890   0x00000094   Code   RO         2575    i.Boot_ManageStart  myboot.o
    0x08001924   0x08001924   0x00000002   Code   RO          392    i.BusFault_Handler  stm32f4xx_it.o
    0x08001926   0x08001926   0x00000002   Code   RO          393    i.DebugMon_Handler  stm32f4xx_it.o
    0x08001928   0x08001928   0x00000054   Code   RO         3610    i.ESP8266_Init      bsp_esp8266.o
    0x0800197c   0x0800197c   0x00000004   Code   RO           13    i.Error_Handler     main.o
    0x08001980   0x08001980   0x00000006   Code   RO         5064    i.FATFS_LinkDriver  ff_gen_drv.o
    0x08001986   0x08001986   0x00000002   PAD
    0x08001988   0x08001988   0x00000040   Code   RO         5065    i.FATFS_LinkDriverEx  ff_gen_drv.o
    0x080019c8   0x080019c8   0x00000050   Code   RO          765    i.FLASH_Erase_Sector  stm32f4xx_hal_flash_ex.o
    0x08001a18   0x08001a18   0x00000054   Code   RO          766    i.FLASH_FlushCaches  stm32f4xx_hal_flash_ex.o
    0x08001a6c   0x08001a6c   0x00000028   Code   RO          767    i.FLASH_MassErase   stm32f4xx_hal_flash_ex.o
    0x08001a94   0x08001a94   0x00000020   Code   RO          647    i.FLASH_Program_Byte  stm32f4xx_hal_flash.o
    0x08001ab4   0x08001ab4   0x0000002c   Code   RO          648    i.FLASH_Program_DoubleWord  stm32f4xx_hal_flash.o
    0x08001ae0   0x08001ae0   0x00000024   Code   RO          649    i.FLASH_Program_HalfWord  stm32f4xx_hal_flash.o
    0x08001b04   0x08001b04   0x00000024   Code   RO          650    i.FLASH_Program_Word  stm32f4xx_hal_flash.o
    0x08001b28   0x08001b28   0x00000068   Code   RO          651    i.FLASH_SetErrorCode  stm32f4xx_hal_flash.o
    0x08001b90   0x08001b90   0x00000050   Code   RO          652    i.FLASH_WaitForLastOperation  stm32f4xx_hal_flash.o
    0x08001be0   0x08001be0   0x00000092   Code   RO          953    i.HAL_DMA_Abort     stm32f4xx_hal_dma.o
    0x08001c72   0x08001c72   0x00000024   Code   RO          954    i.HAL_DMA_Abort_IT  stm32f4xx_hal_dma.o
    0x08001c96   0x08001c96   0x00000002   PAD
    0x08001c98   0x08001c98   0x00000024   Code   RO         1390    i.HAL_Delay         stm32f4xx_hal.o
    0x08001cbc   0x08001cbc   0x00000098   Code   RO          768    i.HAL_FLASHEx_Erase  stm32f4xx_hal_flash_ex.o
    0x08001d54   0x08001d54   0x00000014   Code   RO          656    i.HAL_FLASH_Lock    stm32f4xx_hal_flash.o
    0x08001d68   0x08001d68   0x0000007c   Code   RO          661    i.HAL_FLASH_Program  stm32f4xx_hal_flash.o
    0x08001de4   0x08001de4   0x0000002c   Code   RO          663    i.HAL_FLASH_Unlock  stm32f4xx_hal_flash.o
    0x08001e10   0x08001e10   0x000001f0   Code   RO          846    i.HAL_GPIO_Init     stm32f4xx_hal_gpio.o
    0x08002000   0x08002000   0x0000000c   Code   RO         1396    i.HAL_GetTick       stm32f4xx_hal.o
    0x0800200c   0x0800200c   0x00000010   Code   RO         1402    i.HAL_IncTick       stm32f4xx_hal.o
    0x0800201c   0x0800201c   0x00000034   Code   RO         1403    i.HAL_Init          stm32f4xx_hal.o
    0x08002050   0x08002050   0x00000040   Code   RO         1404    i.HAL_InitTick      stm32f4xx_hal.o
    0x08002090   0x08002090   0x00000030   Code   RO          467    i.HAL_MspInit       stm32f4xx_hal_msp.o
    0x080020c0   0x080020c0   0x0000001a   Code   RO         1238    i.HAL_NVIC_EnableIRQ  stm32f4xx_hal_cortex.o
    0x080020da   0x080020da   0x00000002   PAD
    0x080020dc   0x080020dc   0x00000040   Code   RO         1244    i.HAL_NVIC_SetPriority  stm32f4xx_hal_cortex.o
    0x0800211c   0x0800211c   0x00000024   Code   RO         1245    i.HAL_NVIC_SetPriorityGrouping  stm32f4xx_hal_cortex.o
    0x08002140   0x08002140   0x00000134   Code   RO          492    i.HAL_RCC_ClockConfig  stm32f4xx_hal_rcc.o
    0x08002274   0x08002274   0x00000020   Code   RO          499    i.HAL_RCC_GetPCLK1Freq  stm32f4xx_hal_rcc.o
    0x08002294   0x08002294   0x00000020   Code   RO          500    i.HAL_RCC_GetPCLK2Freq  stm32f4xx_hal_rcc.o
    0x080022b4   0x080022b4   0x00000060   Code   RO          501    i.HAL_RCC_GetSysClockFreq  stm32f4xx_hal_rcc.o
    0x08002314   0x08002314   0x0000036c   Code   RO          504    i.HAL_RCC_OscConfig  stm32f4xx_hal_rcc.o
    0x08002680   0x08002680   0x00000118   Code   RO         1930    i.HAL_SD_ConfigWideBusOperation  stm32f4xx_hal_sd.o
    0x08002798   0x08002798   0x00000198   Code   RO         1935    i.HAL_SD_GetCardCSD  stm32f4xx_hal_sd.o
    0x08002930   0x08002930   0x00000024   Code   RO         1936    i.HAL_SD_GetCardInfo  stm32f4xx_hal_sd.o
    0x08002954   0x08002954   0x0000002c   Code   RO         1937    i.HAL_SD_GetCardState  stm32f4xx_hal_sd.o
    0x08002980   0x08002980   0x00000036   Code   RO         1942    i.HAL_SD_Init       stm32f4xx_hal_sd.o
    0x080029b6   0x080029b6   0x00000002   PAD
    0x080029b8   0x080029b8   0x0000007c   Code   RO         1943    i.HAL_SD_InitCard   stm32f4xx_hal_sd.o
    0x08002a34   0x08002a34   0x00000094   Code   RO          262    i.HAL_SD_MspInit    sdio.o
    0x08002ac8   0x08002ac8   0x000001e0   Code   RO         1946    i.HAL_SD_ReadBlocks  stm32f4xx_hal_sd.o
    0x08002ca8   0x08002ca8   0x000001b0   Code   RO         1951    i.HAL_SD_WriteBlocks  stm32f4xx_hal_sd.o
    0x08002e58   0x08002e58   0x00000028   Code   RO         1249    i.HAL_SYSTICK_Config  stm32f4xx_hal_cortex.o
    0x08002e80   0x08002e80   0x00000002   Code   RO         2182    i.HAL_UARTEx_RxEventCallback  stm32f4xx_hal_uart.o
    0x08002e82   0x08002e82   0x00000002   Code   RO         2196    i.HAL_UART_ErrorCallback  stm32f4xx_hal_uart.o
    0x08002e84   0x08002e84   0x00000270   Code   RO         2199    i.HAL_UART_IRQHandler  stm32f4xx_hal_uart.o
    0x080030f4   0x080030f4   0x00000064   Code   RO         2200    i.HAL_UART_Init     stm32f4xx_hal_uart.o
    0x08003158   0x08003158   0x0000006c   Code   RO          304    i.HAL_UART_MspInit  usart.o
    0x080031c4   0x080031c4   0x000000b0   Code   RO         2203    i.HAL_UART_Receive  stm32f4xx_hal_uart.o
    0x08003274   0x08003274   0x00000002   Code   RO         2206    i.HAL_UART_RxCpltCallback  stm32f4xx_hal_uart.o
    0x08003276   0x08003276   0x000000a0   Code   RO         2208    i.HAL_UART_Transmit  stm32f4xx_hal_uart.o
    0x08003316   0x08003316   0x00000002   Code   RO         2211    i.HAL_UART_TxCpltCallback  stm32f4xx_hal_uart.o
    0x08003318   0x08003318   0x00000002   Code   RO          394    i.HardFault_Handler  stm32f4xx_it.o
    0x0800331a   0x0800331a   0x00000002   PAD
    0x0800331c   0x0800331c   0x0000001c   Code   RO         4617    i.MX_FATFS_Init     fatfs.o
    0x08003338   0x08003338   0x0000004c   Code   RO          237    i.MX_GPIO_Init      gpio.o
    0x08003384   0x08003384   0x00000020   Code   RO          263    i.MX_SDIO_SD_Init   sdio.o
    0x080033a4   0x080033a4   0x00000038   Code   RO          305    i.MX_USART1_UART_Init  usart.o
    0x080033dc   0x080033dc   0x00000002   Code   RO          395    i.MemManage_Handler  stm32f4xx_it.o
    0x080033de   0x080033de   0x00000002   PAD
    0x080033e0   0x080033e0   0x00000010   Code   RO          306    i.My_putchar        usart.o
    0x080033f0   0x080033f0   0x00000016   Code   RO          307    i.My_putstr         usart.o
    0x08003406   0x08003406   0x00000002   Code   RO          396    i.NMI_Handler       stm32f4xx_it.o
    0x08003408   0x08003408   0x0000040c   Code   RO         3405    i.OTA_DeviceFirmwareGet  ota_command.o
    0x08003814   0x08003814   0x00000110   Code   RO         3406    i.OTA_DeviceInform  ota_command.o
    0x08003924   0x08003924   0x00000438   Code   RO         3407    i.OTA_DownloadFirmware  ota_command.o
    0x08003d5c   0x08003d5c   0x00000240   Code   RO         3408    i.OTA_MenuSelect    ota_command.o
    0x08003f9c   0x08003f9c   0x00000264   Code   RO         3890    i.OTA_ParseFirmwareInfo  json_handle.o
    0x08004200   0x08004200   0x0000011c   Code   RO         3409    i.OTA_ReportProgress  ota_command.o
    0x0800431c   0x0800431c   0x00000002   Code   RO          397    i.PendSV_Handler    stm32f4xx_it.o
    0x0800431e   0x0800431e   0x00000024   Code   RO         1641    i.SDIO_ConfigData   stm32f4xx_ll_sdmmc.o
    0x08004342   0x08004342   0x00000008   Code   RO         1645    i.SDIO_GetPowerState  stm32f4xx_ll_sdmmc.o
    0x0800434a   0x0800434a   0x00000006   Code   RO         1646    i.SDIO_GetResponse  stm32f4xx_ll_sdmmc.o
    0x08004350   0x08004350   0x00000024   Code   RO         1647    i.SDIO_Init         stm32f4xx_ll_sdmmc.o
    0x08004374   0x08004374   0x00000008   Code   RO         1649    i.SDIO_PowerState_ON  stm32f4xx_ll_sdmmc.o
    0x0800437c   0x0800437c   0x00000006   Code   RO         1650    i.SDIO_ReadFIFO     stm32f4xx_ll_sdmmc.o
    0x08004382   0x08004382   0x00000020   Code   RO         1651    i.SDIO_SendCommand  stm32f4xx_ll_sdmmc.o
    0x080043a2   0x080043a2   0x0000000a   Code   RO         1653    i.SDIO_WriteFIFO    stm32f4xx_ll_sdmmc.o
    0x080043ac   0x080043ac   0x00000032   Code   RO         1654    i.SDMMC_CmdAppCommand  stm32f4xx_ll_sdmmc.o
    0x080043de   0x080043de   0x00000002   PAD
    0x080043e0   0x080043e0   0x00000034   Code   RO         1655    i.SDMMC_CmdAppOperCommand  stm32f4xx_ll_sdmmc.o
    0x08004414   0x08004414   0x00000032   Code   RO         1656    i.SDMMC_CmdBlockLength  stm32f4xx_ll_sdmmc.o
    0x08004446   0x08004446   0x00000032   Code   RO         1657    i.SDMMC_CmdBusWidth  stm32f4xx_ll_sdmmc.o
    0x08004478   0x08004478   0x00000050   Code   RO         1661    i.SDMMC_CmdGoIdleState  stm32f4xx_ll_sdmmc.o
    0x080044c8   0x080044c8   0x00000030   Code   RO         1663    i.SDMMC_CmdOperCond  stm32f4xx_ll_sdmmc.o
    0x080044f8   0x080044f8   0x00000032   Code   RO         1664    i.SDMMC_CmdReadMultiBlock  stm32f4xx_ll_sdmmc.o
    0x0800452a   0x0800452a   0x00000032   Code   RO         1665    i.SDMMC_CmdReadSingleBlock  stm32f4xx_ll_sdmmc.o
    0x0800455c   0x0800455c   0x00000032   Code   RO         1668    i.SDMMC_CmdSelDesel  stm32f4xx_ll_sdmmc.o
    0x0800458e   0x0800458e   0x0000002c   Code   RO         1669    i.SDMMC_CmdSendCID  stm32f4xx_ll_sdmmc.o
    0x080045ba   0x080045ba   0x0000002c   Code   RO         1670    i.SDMMC_CmdSendCSD  stm32f4xx_ll_sdmmc.o
    0x080045e6   0x080045e6   0x00000030   Code   RO         1672    i.SDMMC_CmdSendSCR  stm32f4xx_ll_sdmmc.o
    0x08004616   0x08004616   0x00000032   Code   RO         1673    i.SDMMC_CmdSendStatus  stm32f4xx_ll_sdmmc.o
    0x08004648   0x08004648   0x00000030   Code   RO         1674    i.SDMMC_CmdSetRelAdd  stm32f4xx_ll_sdmmc.o
    0x08004678   0x08004678   0x00000034   Code   RO         1677    i.SDMMC_CmdStopTransfer  stm32f4xx_ll_sdmmc.o
    0x080046ac   0x080046ac   0x00000032   Code   RO         1679    i.SDMMC_CmdWriteMultiBlock  stm32f4xx_ll_sdmmc.o
    0x080046de   0x080046de   0x00000032   Code   RO         1680    i.SDMMC_CmdWriteSingleBlock  stm32f4xx_ll_sdmmc.o
    0x08004710   0x08004710   0x00000120   Code   RO         1681    i.SDMMC_GetCmdResp1  stm32f4xx_ll_sdmmc.o
    0x08004830   0x08004830   0x00000050   Code   RO         1682    i.SDMMC_GetCmdResp2  stm32f4xx_ll_sdmmc.o
    0x08004880   0x08004880   0x00000044   Code   RO         1683    i.SDMMC_GetCmdResp3  stm32f4xx_ll_sdmmc.o
    0x080048c4   0x080048c4   0x00000088   Code   RO         1684    i.SDMMC_GetCmdResp6  stm32f4xx_ll_sdmmc.o
    0x0800494c   0x0800494c   0x00000058   Code   RO         1685    i.SDMMC_GetCmdResp7  stm32f4xx_ll_sdmmc.o
    0x080049a4   0x080049a4   0x00000020   Code   RO         4557    i.SD_CheckStatus    sd_diskio.o
    0x080049c4   0x080049c4   0x000000e0   Code   RO         1959    i.SD_FindSCR        stm32f4xx_hal_sd.o
    0x08004aa4   0x08004aa4   0x000000ee   Code   RO         1960    i.SD_InitCard       stm32f4xx_hal_sd.o
    0x08004b92   0x08004b92   0x00000002   PAD
    0x08004b94   0x08004b94   0x000000b4   Code   RO         1961    i.SD_PowerON        stm32f4xx_hal_sd.o
    0x08004c48   0x08004c48   0x00000020   Code   RO         4558    i.SD_initialize     sd_diskio.o
    0x08004c68   0x08004c68   0x00000050   Code   RO         4559    i.SD_ioctl          sd_diskio.o
    0x08004cb8   0x08004cb8   0x00000026   Code   RO         4560    i.SD_read           sd_diskio.o
    0x08004cde   0x08004cde   0x00000004   Code   RO         4561    i.SD_status         sd_diskio.o
    0x08004ce2   0x08004ce2   0x00000002   PAD
    0x08004ce4   0x08004ce4   0x00000026   Code   RO         4562    i.SD_write          sd_diskio.o
    0x08004d0a   0x08004d0a   0x00000002   Code   RO          398    i.SVC_Handler       stm32f4xx_it.o
    0x08004d0c   0x08004d0c   0x00000004   Code   RO          399    i.SysTick_Handler   stm32f4xx_it.o
    0x08004d10   0x08004d10   0x00000094   Code   RO           14    i.SystemClock_Config  main.o
    0x08004da4   0x08004da4   0x00000078   Code   RO         2533    i.SystemCoreClockUpdate  system_stm32f4xx.o
    0x08004e1c   0x08004e1c   0x00000010   Code   RO         2534    i.SystemInit        system_stm32f4xx.o
    0x08004e2c   0x08004e2c   0x000001b0   Code   RO         2893    i.UART1_Init        bsp_uart.o
    0x08004fdc   0x08004fdc   0x00000030   Code   RO          308    i.UART1_RingBuffer_Init  usart.o
    0x0800500c   0x0800500c   0x0000013c   Code   RO         2900    i.UART2_Init        bsp_uart.o
    0x08005148   0x08005148   0x0000000c   Code   RO         2904    i.UART3_ClearRx     bsp_uart.o
    0x08005154   0x08005154   0x0000000c   Code   RO         2905    i.UART3_GetRxData   bsp_uart.o
    0x08005160   0x08005160   0x0000000c   Code   RO         2906    i.UART3_GetRxNum    bsp_uart.o
    0x0800516c   0x0800516c   0x0000016c   Code   RO         2907    i.UART3_Init        bsp_uart.o
    0x080052d8   0x080052d8   0x00000040   Code   RO         2908    i.UART3_SendAT      bsp_uart.o
    0x08005318   0x08005318   0x00000044   Code   RO         2909    i.UART3_SendData    bsp_uart.o
    0x0800535c   0x0800535c   0x00000038   Code   RO         2910    i.UART3_SendString  bsp_uart.o
    0x08005394   0x08005394   0x00000010   Code   RO         2213    i.UART_DMAAbortOnError  stm32f4xx_hal_uart.o
    0x080053a4   0x080053a4   0x0000004e   Code   RO         2223    i.UART_EndRxTransfer  stm32f4xx_hal_uart.o
    0x080053f2   0x080053f2   0x000000c2   Code   RO         2225    i.UART_Receive_IT   stm32f4xx_hal_uart.o
    0x080054b4   0x080054b4   0x0000010c   Code   RO         2226    i.UART_SetConfig    stm32f4xx_hal_uart.o
    0x080055c0   0x080055c0   0x00000072   Code   RO         2229    i.UART_WaitOnFlagUntilTimeout  stm32f4xx_hal_uart.o
    0x08005632   0x08005632   0x00000002   PAD
    0x08005634   0x08005634   0x00000014   Code   RO         3938    i.UPDC32            crctab.o
    0x08005648   0x08005648   0x00000034   Code   RO          309    i.USART1_IRQHandler  usart.o
    0x0800567c   0x0800567c   0x000000dc   Code   RO         2911    i.USART2_IRQHandler  bsp_uart.o
    0x08005758   0x08005758   0x000000dc   Code   RO         2912    i.USART3_IRQHandler  bsp_uart.o
    0x08005834   0x08005834   0x00000002   Code   RO          400    i.UsageFault_Handler  stm32f4xx_it.o
    0x08005836   0x08005836   0x00000002   PAD
    0x08005838   0x08005838   0x000000dc   Code   RO         3807    i.W25Q128_Init      bsp_w25q128.o
    0x08005914   0x08005914   0x0000005c   Code   RO         3808    i.W25Q128_ReadData  bsp_w25q128.o
    0x08005970   0x08005970   0x000000d0   Code   RO         3556    i._4G_GetDateYMD    bsp_4g.o
    0x08005a40   0x08005a40   0x00000020   Code   RO         3557    i._4G_get_time_extern  bsp_4g.o
    0x08005a60   0x08005a60   0x00000020   Code   RO         5525    i.__0printf         mc_w.l(printfa.o)
    0x08005a80   0x08005a80   0x00000028   Code   RO         5527    i.__0sprintf        mc_w.l(printfa.o)
    0x08005aa8   0x08005aa8   0x00000034   Code   RO         5530    i.__0vsnprintf      mc_w.l(printfa.o)
    0x08005adc   0x08005adc   0x00000030   Code   RO         5617    i.__ARM_fpclassify  m_wm.l(fpclassify.o)
    0x08005b0c   0x08005b0c   0x00000020   Code   RO         1251    i.__NVIC_SetPriority  stm32f4xx_hal_cortex.o
    0x08005b2c   0x08005b2c   0x00000004   PAD
    0x08005b30   0x08005b30   0x00000c50   Code   RO         5190    i.__hardfp_pow      m_wm.l(pow.o)
    0x08006780   0x08006780   0x000000f8   Code   RO         5619    i.__kernel_poly     m_wm.l(poly.o)
    0x08006878   0x08006878   0x00000030   Code   RO         5603    i.__mathlib_dbl_divzero  m_wm.l(dunder.o)
    0x080068a8   0x080068a8   0x00000014   Code   RO         5605    i.__mathlib_dbl_infnan2  m_wm.l(dunder.o)
    0x080068bc   0x080068bc   0x00000004   PAD
    0x080068c0   0x080068c0   0x00000020   Code   RO         5606    i.__mathlib_dbl_invalid  m_wm.l(dunder.o)
    0x080068e0   0x080068e0   0x00000020   Code   RO         5607    i.__mathlib_dbl_overflow  m_wm.l(dunder.o)
    0x08006900   0x08006900   0x00000020   Code   RO         5609    i.__mathlib_dbl_underflow  m_wm.l(dunder.o)
    0x08006920   0x08006920   0x0000000e   Code   RO         5713    i.__scatterload_copy  mc_w.l(handlers.o)
    0x0800692e   0x0800692e   0x00000002   Code   RO         5714    i.__scatterload_null  mc_w.l(handlers.o)
    0x08006930   0x08006930   0x0000000e   Code   RO         5715    i.__scatterload_zeroinit  mc_w.l(handlers.o)
    0x0800693e   0x0800693e   0x00000002   PAD
    0x08006940   0x08006940   0x0000000c   Code   RO         5662    i.__set_errno       mc_w.l(errno.o)
    0x0800694c   0x0800694c   0x00000184   Code   RO         5532    i._fp_digits        mc_w.l(printfa.o)
    0x08006ad0   0x08006ad0   0x00000076   Code   RO         2795    i._msh_exec_cmd     parser.o
    0x08006b46   0x08006b46   0x00000002   PAD
    0x08006b48   0x08006b48   0x000006b4   Code   RO         5533    i._printf_core      mc_w.l(printfa.o)
    0x080071fc   0x080071fc   0x00000024   Code   RO         5534    i._printf_post_padding  mc_w.l(printfa.o)
    0x08007220   0x08007220   0x0000002e   Code   RO         5535    i._printf_pre_padding  mc_w.l(printfa.o)
    0x0800724e   0x0800724e   0x00000016   Code   RO         5536    i._snputc           mc_w.l(printfa.o)
    0x08007264   0x08007264   0x0000000a   Code   RO         5537    i._sputc            mc_w.l(printfa.o)
    0x0800726e   0x0800726e   0x00000018   Code   RO         2576    i.be32_to_cpu       myboot.o
    0x08007286   0x08007286   0x00000002   PAD
    0x08007288   0x08007288   0x00000048   Code   RO         3074    i.cJSON_Delete      cjson.o
    0x080072d0   0x080072d0   0x0000001c   Code   RO         3083    i.cJSON_GetObjectItem  cjson.o
    0x080072ec   0x080072ec   0x0000001c   Code   RO         3087    i.cJSON_New_Item    cjson.o
    0x08007308   0x08007308   0x00000008   Code   RO         3088    i.cJSON_Parse       cjson.o
    0x08007310   0x08007310   0x00000060   Code   RO         3089    i.cJSON_ParseWithOpts  cjson.o
    0x08007370   0x08007370   0x00000042   Code   RO         3095    i.cJSON_strcasecmp  cjson.o
    0x080073b2   0x080073b2   0x00000002   PAD
    0x080073b4   0x080073b4   0x0000007c   Code   RO         3812    i.checkFlagGBKStorage  bsp_w25q128.o
    0x08007430   0x08007430   0x00000070   Code   RO         4710    i.check_fs          ff.o
    0x080074a0   0x080074a0   0x00000010   Code   RO         4711    i.chk_chr           ff.o
    0x080074b0   0x080074b0   0x0000005c   Code   RO         4712    i.chk_lock          ff.o
    0x0800750c   0x0800750c   0x00000024   Code   RO         3473    i.clean_f           clean_cmd.o
    0x08007530   0x08007530   0x00000020   Code   RO         4713    i.clear_lock        ff.o
    0x08007550   0x08007550   0x00000024   Code   RO         4714    i.clmt_clust        ff.o
    0x08007574   0x08007574   0x00000018   Code   RO         4715    i.clust2sect        ff.o
    0x0800758c   0x0800758c   0x00000080   Code   RO         4716    i.cmp_lfn           ff.o
    0x0800760c   0x0800760c   0x000000a4   Code   RO         4717    i.create_chain      ff.o
    0x080076b0   0x080076b0   0x00000244   Code   RO         4718    i.create_name       ff.o
    0x080078f4   0x080078f4   0x00000034   Code   RO         4719    i.dec_lock          ff.o
    0x08007928   0x08007928   0x0000001c   Code   RO         2913    i.delay_ms          bsp_uart.o
    0x08007944   0x08007944   0x0000001c   Code   RO         3613    i.delay_ms          bsp_esp8266.o
    0x08007960   0x08007960   0x00000180   Code   RO         3742    i.delete_file       fat_cmd.o
    0x08007ae0   0x08007ae0   0x000000d0   Code   RO         4720    i.dir_find          ff.o
    0x08007bb0   0x08007bb0   0x000000f4   Code   RO         4721    i.dir_next          ff.o
    0x08007ca4   0x08007ca4   0x000000b6   Code   RO         4722    i.dir_read          ff.o
    0x08007d5a   0x08007d5a   0x00000002   PAD
    0x08007d5c   0x08007d5c   0x000001e4   Code   RO         4723    i.dir_register      ff.o
    0x08007f40   0x08007f40   0x0000004e   Code   RO         4724    i.dir_remove        ff.o
    0x08007f8e   0x08007f8e   0x00000082   Code   RO         4725    i.dir_sdi           ff.o
    0x08008010   0x08008010   0x0000002c   Code   RO         4655    i.disk_initialize   diskio.o
    0x0800803c   0x0800803c   0x0000001c   Code   RO         4656    i.disk_ioctl        diskio.o
    0x08008058   0x08008058   0x0000001c   Code   RO         4657    i.disk_read         diskio.o
    0x08008074   0x08008074   0x00000018   Code   RO         4658    i.disk_status       diskio.o
    0x0800808c   0x0800808c   0x0000001c   Code   RO         4659    i.disk_write        diskio.o
    0x080080a8   0x080080a8   0x00000464   Code   RO         3743    i.download_to_flash  fat_cmd.o
    0x0800850c   0x0800850c   0x0000039c   Code   RO         3744    i.extern_Backup_App_With_Header  fat_cmd.o
    0x080088a8   0x080088a8   0x00000028   Code   RO         4726    i.f_close           ff.o
    0x080088d0   0x080088d0   0x00000022   Code   RO         4727    i.f_closedir        ff.o
    0x080088f2   0x080088f2   0x00000002   PAD
    0x080088f4   0x080088f4   0x00000058   Code   RO         4733    i.f_mount           ff.o
    0x0800894c   0x0800894c   0x0000020c   Code   RO         4734    i.f_open            ff.o
    0x08008b58   0x08008b58   0x00000082   Code   RO         4735    i.f_opendir         ff.o
    0x08008bda   0x08008bda   0x00000152   Code   RO         4739    i.f_read            ff.o
    0x08008d2c   0x08008d2c   0x00000040   Code   RO         4740    i.f_readdir         ff.o
    0x08008d6c   0x08008d6c   0x0000003c   Code   RO         4742    i.f_stat            ff.o
    0x08008da8   0x08008da8   0x0000008e   Code   RO         4743    i.f_sync            ff.o
    0x08008e36   0x08008e36   0x0000009e   Code   RO         4745    i.f_unlink          ff.o
    0x08008ed4   0x08008ed4   0x0000018e   Code   RO         4746    i.f_write           ff.o
    0x08009062   0x08009062   0x00000018   Code   RO         5180    i.fabs              m_wm.l(fabs.o)
    0x0800907a   0x0800907a   0x00000002   PAD
    0x0800907c   0x0800907c   0x000001b0   Code   RO         3745    i.fatfs_menu        fat_cmd.o
    0x0800922c   0x0800922c   0x00000070   Code   RO         5138    i.ff_convert        cc936.o
    0x0800929c   0x0800929c   0x00000080   Code   RO         5139    i.ff_wtoupper       cc936.o
    0x0800931c   0x0800931c   0x00000018   Code   RO          310    i.fgetc             usart.o
    0x08009334   0x08009334   0x00000004   Code   RO         4353    i.fileno            file.o
    0x08009338   0x08009338   0x0000002c   Code   RO         2829    i.find_cmd          command.o
    0x08009364   0x08009364   0x0000025c   Code   RO         4747    i.find_volume       ff.o
    0x080095c0   0x080095c0   0x00000018   Code   RO         4354    i.flash_write_word  file.o
    0x080095d8   0x080095d8   0x0000005c   Code   RO         4355    i.flush_buffer      file.o
    0x08009634   0x08009634   0x00000074   Code   RO         4748    i.follow_path       ff.o
    0x080096a8   0x080096a8   0x00000018   Code   RO         4356    i.fopen2            file.o
    0x080096c0   0x080096c0   0x00000018   Code   RO          311    i.fputc             usart.o
    0x080096d8   0x080096d8   0x00000050   Code   RO         5553    i.free              mc_w.l(malloc.o)
    0x08009728   0x08009728   0x00000010   Code   RO         4357    i.fstat             file.o
    0x08009738   0x08009738   0x00000080   Code   RO         4358    i.fwrite2           file.o
    0x080097b8   0x080097b8   0x0000008c   Code   RO         4749    i.gen_numname       ff.o
    0x08009844   0x08009844   0x00000008   Code   RO         2830    i.get_cmds          command.o
    0x0800984c   0x0800984c   0x000000be   Code   RO         4750    i.get_fat           ff.o
    0x0800990a   0x0800990a   0x00000004   Code   RO         4618    i.get_fattime       fatfs.o
    0x0800990e   0x0800990e   0x000000f4   Code   RO         4751    i.get_fileinfo      ff.o
    0x08009a02   0x08009a02   0x0000003c   Code   RO         4752    i.get_ldnumber      ff.o
    0x08009a3e   0x08009a3e   0x00000004   Code   RO         5209    i.getc              mc_w.l(getc.o)
    0x08009a42   0x08009a42   0x00000002   PAD
    0x08009a44   0x08009a44   0x00000018   Code   RO          312    i.getchar2          usart.o
    0x08009a5c   0x08009a5c   0x0000000c   Code   RO         3501    i.go_f              go_cmd.o
    0x08009a68   0x08009a68   0x00000094   Code   RO         2859    i.help_f            help_cmd.o
    0x08009afc   0x08009afc   0x00000080   Code   RO         4753    i.inc_lock          ff.o
    0x08009b7c   0x08009b7c   0x00000006   Code   RO         4098    i.io_mode           rbsb.o
    0x08009b82   0x08009b82   0x00000026   Code   RO         4754    i.ld_clust          ff.o
    0x08009ba8   0x08009ba8   0x00000016   Code   RO         4755    i.ld_dword          ff.o
    0x08009bbe   0x08009bbe   0x0000000a   Code   RO         4756    i.ld_word           ff.o
    0x08009bc8   0x08009bc8   0x000001bc   Code   RO         3746    i.list_files        fat_cmd.o
    0x08009d84   0x08009d84   0x00000154   Code   RO           15    i.main              main.o
    0x08009ed8   0x08009ed8   0x0000006c   Code   RO         5554    i.malloc            mc_w.l(malloc.o)
    0x08009f44   0x08009f44   0x00000012   Code   RO         4757    i.mem_cpy           ff.o
    0x08009f56   0x08009f56   0x00000002   PAD
    0x08009f58   0x08009f58   0x0000000e   Code   RO         4758    i.mem_set           ff.o
    0x08009f66   0x08009f66   0x00000032   Code   RO         4759    i.move_window       ff.o
    0x08009f98   0x08009f98   0x00000068   Code   RO         2796    i.msh_exec          parser.o
    0x0800a000   0x0800a000   0x000000d0   Code   RO         2797    i.msh_split         parser.o
    0x0800a0d0   0x0800a0d0   0x0000001c   Code   RO         3410    i.ota_f             ota_command.o
    0x0800a0ec   0x0800a0ec   0x00000078   Code   RO         3099    i.parse_array       cjson.o
    0x0800a164   0x0800a164   0x000000a6   Code   RO         3100    i.parse_hex4        cjson.o
    0x0800a20a   0x0800a20a   0x00000002   PAD
    0x0800a20c   0x0800a20c   0x00000194   Code   RO         3101    i.parse_number      cjson.o
    0x0800a3a0   0x0800a3a0   0x000000b8   Code   RO         3102    i.parse_object      cjson.o
    0x0800a458   0x0800a458   0x00000180   Code   RO         3103    i.parse_string      cjson.o
    0x0800a5d8   0x0800a5d8   0x000000b4   Code   RO         3104    i.parse_value       cjson.o
    0x0800a68c   0x0800a68c   0x00000074   Code   RO         4760    i.pick_lfn          ff.o
    0x0800a700   0x0800a700   0x00000004   Code   RO         4360    i.popen             file.o
    0x0800a704   0x0800a704   0x000000ea   Code   RO         4761    i.put_fat           ff.o
    0x0800a7ee   0x0800a7ee   0x00000004   Code   RO         5211    i.putc              mc_w.l(putc.o)
    0x0800a7f2   0x0800a7f2   0x00000002   PAD
    0x0800a7f4   0x0800a7f4   0x00000054   Code   RO         4361    i.putc2             file.o
    0x0800a848   0x0800a848   0x00000018   Code   RO          313    i.putdatas          usart.o
    0x0800a860   0x0800a860   0x00000040   Code   RO         2579    i.puthex            myboot.o
    0x0800a8a0   0x0800a8a0   0x00000160   Code   RO         3813    i.readID            bsp_w25q128.o
    0x0800aa00   0x0800aa00   0x000001ac   Code   RO         3747    i.read_file         fat_cmd.o
    0x0800abac   0x0800abac   0x00000280   Code   RO         2580    i.relocate_and_start_app  myboot.o
    0x0800ae2c   0x0800ae2c   0x00000074   Code   RO         4764    i.remove_chain      ff.o
    0x0800aea0   0x0800aea0   0x0000000c   Code   RO         3525    i.ring_buffer_init  ring_buffer.o
    0x0800aeac   0x0800aeac   0x0000002a   Code   RO         3526    i.ring_buffer_read  ring_buffer.o
    0x0800aed6   0x0800aed6   0x0000001c   Code   RO         3527    i.ring_buffer_write  ring_buffer.o
    0x0800aef2   0x0800aef2   0x00000002   PAD
    0x0800aef4   0x0800aef4   0x00000054   Code   RO         4067    i.rz                mrz.o
    0x0800af48   0x0800af48   0x000000d8   Code   RO         3958    i.rz_init           lrz.o
    0x0800b020   0x0800b020   0x00000250   Code   RO         3959    i.rz_process_header  lrz.o
    0x0800b270   0x0800b270   0x0000009e   Code   RO         3960    i.rz_receive        lrz.o
    0x0800b30e   0x0800b30e   0x00000002   PAD
    0x0800b310   0x0800b310   0x000001f4   Code   RO         3961    i.rz_receive_file   lrz.o
    0x0800b504   0x0800b504   0x0000008c   Code   RO         3962    i.rz_receive_pathname  lrz.o
    0x0800b590   0x0800b590   0x00000158   Code   RO         3963    i.rz_receive_sector  lrz.o
    0x0800b6e8   0x0800b6e8   0x000000ac   Code   RO         3964    i.rz_receive_sectors  lrz.o
    0x0800b794   0x0800b794   0x00000054   Code   RO         3965    i.rz_write_string_to_file  lrz.o
    0x0800b7e8   0x0800b7e8   0x0000012e   Code   RO         3966    i.rz_zmodem_session_startup  lrz.o
    0x0800b916   0x0800b916   0x00000002   PAD
    0x0800b918   0x0800b918   0x0000003c   Code   RO         3814    i.sendByte          bsp_w25q128.o
    0x0800b954   0x0800b954   0x00000002   Code   RO         4099    i.sendbrk           rbsb.o
    0x0800b956   0x0800b956   0x00000002   PAD
    0x0800b958   0x0800b958   0x00000238   Code   RO         2722    i.shell             shell.o
    0x0800bb90   0x0800bb90   0x00000040   Code   RO         2723    i.shell_handle_history  shell.o
    0x0800bbd0   0x0800bbd0   0x000000b4   Code   RO         2724    i.shell_push_history  shell.o
    0x0800bc84   0x0800bc84   0x00000014   Code   RO         3111    i.skip              cjson.o
    0x0800bc98   0x0800bc98   0x00000004   Code   RO         4362    i.sleep             file.o
    0x0800bc9c   0x0800bc9c   0x0000006e   Code   RO         5624    i.sqrt              m_wm.l(sqrt.o)
    0x0800bd0a   0x0800bd0a   0x00000028   Code   RO         4765    i.st_clust          ff.o
    0x0800bd32   0x0800bd32   0x00000010   Code   RO         4766    i.st_dword          ff.o
    0x0800bd42   0x0800bd42   0x00000008   Code   RO         4767    i.st_word           ff.o
    0x0800bd4a   0x0800bd4a   0x0000001a   Code   RO         4768    i.sum_sfn           ff.o
    0x0800bd64   0x0800bd64   0x00000088   Code   RO         4769    i.sync_fs           ff.o
    0x0800bdec   0x0800bdec   0x00000052   Code   RO         4770    i.sync_window       ff.o
    0x0800be3e   0x0800be3e   0x00000002   PAD
    0x0800be40   0x0800be40   0x00000018   Code   RO         3939    i.updcrc            crctab.o
    0x0800be58   0x0800be58   0x00000034   Code   RO         4771    i.validate          ff.o
    0x0800be8c   0x0800be8c   0x00000058   Code   RO         3967    i.write_modem_escaped_string_to_stdout  lrz.o
    0x0800bee4   0x0800bee4   0x00000040   Code   RO         4123    i.zm_ackbibi        zm.o
    0x0800bf24   0x0800bf24   0x0000009a   Code   RO         4124    i.zm_do_crc_check   zm.o
    0x0800bfbe   0x0800bfbe   0x00000060   Code   RO         4125    i.zm_escape_sequence_init  zm.o
    0x0800c01e   0x0800c01e   0x00000038   Code   RO         4127    i.zm_get_ascii_char  zm.o
    0x0800c056   0x0800c056   0x00000020   Code   RO         4128    i.zm_get_escaped_char  zm.o
    0x0800c076   0x0800c076   0x000000e2   Code   RO         4129    i.zm_get_escaped_char_internal  zm.o
    0x0800c158   0x0800c158   0x00000154   Code   RO         4130    i.zm_get_header     zm.o
    0x0800c2ac   0x0800c2ac   0x0000003e   Code   RO         4131    i.zm_get_hex_encoded_byte  zm.o
    0x0800c2ea   0x0800c2ea   0x00000002   PAD
    0x0800c2ec   0x0800c2ec   0x0000004c   Code   RO         4133    i.zm_init           zm.o
    0x0800c338   0x0800c338   0x00000078   Code   RO         4136    i.zm_read_binary_header  zm.o
    0x0800c3b0   0x0800c3b0   0x00000078   Code   RO         4137    i.zm_read_binary_header32  zm.o
    0x0800c428   0x0800c428   0x000000cc   Code   RO         4138    i.zm_read_data32    zm.o
    0x0800c4f4   0x0800c4f4   0x0000008c   Code   RO         4139    i.zm_read_hex_header  zm.o
    0x0800c580   0x0800c580   0x000000bc   Code   RO         4140    i.zm_receive_data   zm.o
    0x0800c63c   0x0800c63c   0x00000016   Code   RO         4141    i.zm_reclaim_receive_header  zm.o
    0x0800c652   0x0800c652   0x00000002   PAD
    0x0800c654   0x0800c654   0x000000b8   Code   RO         4147    i.zm_send_hex_header  zm.o
    0x0800c70c   0x0800c70c   0x00000010   Code   RO         4148    i.zm_set_header_payload  zm.o
    0x0800c71c   0x0800c71c   0x0000000e   Code   RO         4149    i.zm_set_header_payload_bytes  zm.o
    0x0800c72a   0x0800c72a   0x00000096   Code   RO         3968    i.zmodem_receive    lrz.o
    0x0800c7c0   0x0800c7c0   0x00000018   Code   RO         4151    i.zputhex           zm.o
    0x0800c7d8   0x0800c7d8   0x00000018   Code   RO         4311    i.zreadline_canit   zreadline.o
    0x0800c7f0   0x0800c7f0   0x00000002   Code   RO         4313    i.zreadline_flushline  zreadline.o
    0x0800c7f2   0x0800c7f2   0x0000000a   Code   RO         4314    i.zreadline_getc    zreadline.o
    0x0800c7fc   0x0800c7fc   0x00000024   Code   RO         4315    i.zreadline_init    zreadline.o
    0x0800c820   0x0800c820   0x00000010   Data   RO         2535    .constdata          system_stm32f4xx.o
    0x0800c830   0x0800c830   0x00000008   Data   RO         2536    .constdata          system_stm32f4xx.o
    0x0800c838   0x0800c838   0x00000010   Data   RO         2581    .constdata          myboot.o
    0x0800c848   0x0800c848   0x00000007   Data   RO         3113    .constdata          cjson.o
    0x0800c84f   0x0800c84f   0x00000001   PAD
    0x0800c850   0x0800c850   0x00000018   Data   RO         3749    .constdata          fat_cmd.o
    0x0800c868   0x0800c868   0x00000014   Data   RO         4563    .constdata          sd_diskio.o
    0x0800c87c   0x0800c87c   0x0000002a   Data   RO         4773    .constdata          ff.o
    0x0800c8a6   0x0800c8a6   0x000002ae   Data   RO         5140    .constdata          cc936.o
    0x0800cb54   0x0800cb54   0x00000004   PAD
    0x0800cb58   0x0800cb58   0x00000088   Data   RO         5193    .constdata          m_wm.l(pow.o)
    0x0800cbe0   0x0800cbe0   0x00000081   Data   RO         5227    .constdata          mc_w.l(ctype_o.o)
    0x0800cc61   0x0800cc61   0x00000003   PAD
    0x0800cc64   0x0800cc64   0x00000004   Data   RO         5228    .constdata          mc_w.l(ctype_o.o)
    0x0800cc68   0x0800cc68   0x00000008   Data   RO         5621    .constdata          m_wm.l(qnan.o)
    0x0800cc70   0x0800cc70   0x00000006   Data   RO         2726    .conststring        shell.o
    0x0800cc76   0x0800cc76   0x00000002   PAD
    0x0800cc78   0x0800cc78   0x00000071   Data   RO         2860    .conststring        help_cmd.o
    0x0800cce9   0x0800cce9   0x00000003   PAD
    0x0800ccec   0x0800ccec   0x00000086   Data   RO         2915    .conststring        bsp_uart.o
    0x0800cd72   0x0800cd72   0x00000002   PAD
    0x0800cd74   0x0800cd74   0x00000068   Data   RO         3411    .conststring        ota_command.o
    0x0800cddc   0x0800cddc   0x0000008c   Data   RO         3412    .conststring        ota_command.o
    0x0800ce68   0x0800ce68   0x00000026   Data   RO         3474    .conststring        clean_cmd.o
    0x0800ce8e   0x0800ce8e   0x00000002   PAD
    0x0800ce90   0x0800ce90   0x00000037   Data   RO         3502    .conststring        go_cmd.o
    0x0800cec7   0x0800cec7   0x00000001   PAD
    0x0800cec8   0x0800cec8   0x00000074   Data   RO         3750    .conststring        fat_cmd.o
    0x0800cf3c   0x0800cf3c   0x00000042   Data   RO         3751    .conststring        fat_cmd.o
    0x0800cf7e   0x0800cf7e   0x00000002   PAD
    0x0800cf80   0x0800cf80   0x0000004b   Data   RO         4068    .conststring        mrz.o
    0x0800cfcb   0x0800cfcb   0x00000001   PAD
    0x0800cfcc   0x0800cfcc   0x00000020   Data   RO         5711    Region$$Table       anon$$obj.o


    Execution Region RW_IRAM1 (Exec base: 0x20000000, Load base: 0x0800cfec, Size: 0x0000b408, Max: 0x0001c000, ABSOLUTE, COMPRESSED[0x000006a0])

    Exec Addr    Load Addr    Size         Type   Attr      Idx    E Section Name        Object

    0x20000000   COMPRESSED   0x0000000c   Data   RW         1410    .data               stm32f4xx_hal.o
    0x2000000c   COMPRESSED   0x00000004   Data   RW         2537    .data               system_stm32f4xx.o
    0x20000010   COMPRESSED   0x00000004   Data   RW         2727    .data               shell.o
    0x20000014   COMPRESSED   0x0000001c   Data   RW         2831    .data               command.o
    0x20000030   COMPRESSED   0x00000010   Data   RW         2861    .data               help_cmd.o
    0x20000040   COMPRESSED   0x00000008   Data   RW         2916    .data               bsp_uart.o
    0x20000048   COMPRESSED   0x0000000c   Data   RW         3114    .data               cjson.o
    0x20000054   COMPRESSED   0x00000010   Data   RW         3413    .data               ota_command.o
    0x20000064   COMPRESSED   0x00000010   Data   RW         3475    .data               clean_cmd.o
    0x20000074   COMPRESSED   0x00000004   Data   RW         3476    .data               clean_cmd.o
    0x20000078   COMPRESSED   0x00000010   Data   RW         3503    .data               go_cmd.o
    0x20000088   COMPRESSED   0x00000012   Data   RW         3616    .data               bsp_esp8266.o
    0x2000009a   COMPRESSED   0x00000002   PAD
    0x2000009c   COMPRESSED   0x00000010   Data   RW         3752    .data               fat_cmd.o
    0x200000ac   COMPRESSED   0x00000004   Data   RW         3818    .data               bsp_w25q128.o
    0x200000b0   COMPRESSED   0x00000600   Data   RW         3940    .data               crctab.o
    0x200006b0   COMPRESSED   0x00000010   Data   RW         4069    .data               mrz.o
    0x200006c0   COMPRESSED   0x00000011   Data   RW         4155    .data               zm.o
    0x200006d1   COMPRESSED   0x00000015   Data   RW         4317    .data               zreadline.o
    0x200006e6   COMPRESSED   0x00000002   PAD
    0x200006e8   COMPRESSED   0x00000008   Data   RW         4364    .data               file.o
    0x200006f0   COMPRESSED   0x00000001   Data   RW         4564    .data               sd_diskio.o
    0x200006f1   COMPRESSED   0x00000005   Data   RW         4621    .data               fatfs.o
    0x200006f6   COMPRESSED   0x00000002   PAD
    0x200006f8   COMPRESSED   0x00000008   Data   RW         4774    .data               ff.o
    0x20000700   COMPRESSED   0x00000004   Data   RW         5223    .data               mc_w.l(stdout.o)
    0x20000704   COMPRESSED   0x00000004   Data   RW         5658    .data               mc_w.l(mvars.o)
    0x20000708   COMPRESSED   0x00000004   Data   RW         5659    .data               mc_w.l(mvars.o)
    0x2000070c   COMPRESSED   0x00000004   Data   RW         5663    .data               mc_w.l(errno.o)
    0x20000710        -       0x00000084   Zero   RW          264    .bss                sdio.o
    0x20000794        -       0x00000150   Zero   RW          314    .bss                usart.o
    0x200008e4        -       0x00000020   Zero   RW          664    .bss                stm32f4xx_hal_flash.o
    0x20000904        -       0x000001ec   Zero   RW         2725    .bss                shell.o
    0x20000af0        -       0x00006230   Zero   RW         2914    .bss                bsp_uart.o
    0x20006d20        -       0x00000414   Zero   RW         3614    .bss                bsp_esp8266.o
    0x20007134        -       0x00000518   Zero   RW         3748    .bss                fat_cmd.o
    0x2000764c        -       0x00001018   Zero   RW         3817    .bss                bsp_w25q128.o
    0x20008664        -       0x000005ac   Zero   RW         3969    .bss                lrz.o
    0x20008c10        -       0x00000140   Zero   RW         4153    .bss                zm.o
    0x20008d50        -       0x00000018   Zero   RW         4316    .bss                zreadline.o
    0x20008d68        -       0x0000000c   Zero   RW         4363    .bss                file.o
    0x20008d74        -       0x00000234   Zero   RW         4619    .bss                fatfs.o
    0x20008fa8        -       0x00000230   Zero   RW         4620    .bss                fatfs.o
    0x200091d8        -       0x00000220   Zero   RW         4772    .bss                ff.o
    0x200093f8        -       0x0000000c   Zero   RW         5068    .bss                ff_gen_drv.o
    0x20009404   COMPRESSED   0x00000004   PAD
    0x20009408        -       0x00001000   Zero   RW            2    HEAP                startup_stm32f407xx.o
    0x2000a408        -       0x00001000   Zero   RW            1    STACK               startup_stm32f407xx.o


    Execution Region RW_IRAM2 (Exec base: 0x2001c000, Load base: 0x0800d68c, Size: 0x00000000, Max: 0x00004000, ABSOLUTE)

    **** No section assigned to this execution region ****


==============================================================================

Image component sizes


      Code (inc. data)   RO Data    RW Data    ZI Data      Debug   Object Name

      1212        762          0          0          0       2566   bsp_4g.o
       162         26          0          0          0       4232   bsp_driver_sd.o
       112         20          0         18       1044       3606   bsp_esp8266.o
      1804        380        134          8      25136      10279   bsp_uart.o
       848        282          0          4       4120       5292   bsp_w25q128.o
       240         24        686          0          0       2823   cc936.o
      1756         96          7         12          0      12794   cjson.o
        36         12         38         20          0        708   clean_cmd.o
        52         10          0         28          0       2701   command.o
        44         10          0       1536          0       1686   crctab.o
       152         24          0          0          0       3901   diskio.o
      4592       2442        206         16       1304       9176   fat_cmd.o
        32         10          0          5       1124       1632   fatfs.o
      6998        102         42          8        544      51679   ff.o
        70          6          0          0         12       1651   ff_gen_drv.o
       380         38          0          8         12       7363   file.o
        12          6         55         16          0        665   go_cmd.o
        76          6          0          0          0        971   gpio.o
       148         38        113         16          0       1399   help_cmd.o
       612        358          0          0          0       1616   json_handle.o
      2746        104          0          0       1452      18840   lrz.o
       492        206          0          0          0     698259   main.o
        84         34         75         16          0        802   mrz.o
      1238        586         16          0          0     602734   myboot.o
      3276       2134        244         16          0       7919   ota_command.o
       430         64          0          0          0       3279   parser.o
         8          0          0          0          0        908   rbsb.o
        82          0          0          0          0       2566   ring_buffer.o
       224         14         20          1          0       4668   sd_diskio.o
       180         26          0          0        132       1785   sdio.o
       812         50          6          4        492       4305   shell.o
        52         12        392          0       8192        880   startup_stm32f407xx.o
       180         28          0         12          0       9585   stm32f4xx_hal.o
       198         14          0          0          0      33851   stm32f4xx_hal_cortex.o
       182          0          0          0          0       2247   stm32f4xx_hal_dma.o
       520         66          0          0         32       6794   stm32f4xx_hal_flash.o
       356         24          0          0          0       4154   stm32f4xx_hal_flash_ex.o
       496         46          0          0          0       1672   stm32f4xx_hal_gpio.o
        48          6          0          0          0        962   stm32f4xx_hal_msp.o
      1344         72          0          0          0       5404   stm32f4xx_hal_rcc.o
      2500         32          0          0          0      12736   stm32f4xx_hal_sd.o
      1738         16          0          0          0      11907   stm32f4xx_hal_uart.o
        20          0          0          0          0       4226   stm32f4xx_it.o
      1668         48          0          0          0      23943   stm32f4xx_ll_sdmmc.o
       136         20         24          4          0       2027   system_stm32f4xx.o
       398         60          0          0        336       6406   usart.o
      2138         22          0         17        320      16175   zm.o
        72          8          0         21         24       3086   zreadline.o

    ----------------------------------------------------------------------
     41014       8344       2108       1792      44280    1618860   Object Totals
         0          0         32          0          0          0   (incl. Generated)
        58          0         18          6          4          0   (incl. Padding)

    ----------------------------------------------------------------------

      Code (inc. data)   RO Data    RW Data    ZI Data      Debug   Library Member Name

       164         44          0          0          0        620   dunder.o
        24          0          0          0          0        124   fabs.o
        48          0          0          0          0        124   fpclassify.o
       248          0          0          0          0        152   poly.o
      3152        296        136          0          0        352   pow.o
         0          0          8          0          0          0   qnan.o
       110          0          0          0          0        148   sqrt.o
        56          8          0          0          0         84   __0sscanf.o
        86          0          0          0          0          0   __dczerorl2.o
        28          0          0          0          0         68   _chval.o
       816          6          0          0          0        112   _scanf.o
       332          0          0          0          0         96   _scanf_int.o
        64          0          0          0          0         84   _sgetc.o
         8          4        133          0          0         68   ctype_o.o
         0          0          0          0          0          0   entry.o
         0          0          0          0          0          0   entry10a.o
         0          0          0          0          0          0   entry11a.o
         4          0          0          0          0          0   entry12b.o
         8          4          0          0          0          0   entry2.o
         4          0          0          0          0          0   entry5.o
         0          0          0          0          0          0   entry7b.o
         0          0          0          0          0          0   entry8b.o
         8          4          0          0          0          0   entry9a.o
        12          6          0          4          0         68   errno.o
         4          0          0          0          0         68   getc.o
        30          0          0          0          0          0   handlers.o
        36          8          0          0          0         68   init.o
        18          0          0          0          0         76   isspace_o.o
         0          0          0          0          0          0   iusefp.o
        30          0          0          0          0         68   llshl.o
        36          0          0          0          0         68   llsshr.o
        32          0          0          0          0         68   llushr.o
       188         20          0          0          0        160   malloc.o
        26          0          0          0          0         80   memcmp.o
        64          0          0          0          0         76   memmovea.o
        36          0          0          0          0        108   memseta.o
         0          0          0          8          0          0   mvars.o
      2342        102          0          0          0        764   printfa.o
         4          0          0          0          0         68   putc.o
        40          8          0          0          0         84   scanf_char.o
         0          0          0          4          0          0   stdout.o
        20          0          0          0          0         68   strchr.o
        28          0          0          0          0         76   strcmp.o
        18          0          0          0          0         68   strcpy.o
        14          0          0          0          0         68   strlen.o
        30          0          0          0          0         80   strncmp.o
        24          0          0          0          0         76   strncpy.o
        32          0          0          0          0         76   strpbrk.o
        22          0          0          0          0         68   strrchr.o
        36          0          0          0          0         80   strstr.o
        12          0          0          0          0         68   tolower.o
        44          0          0          0          0         80   uidiv.o
        98          0          0          0          0         92   uldiv.o
        48          0          0          0          0         68   cdrcmple.o
       334          0          0          0          0        148   dadd.o
       222          0          0          0          0        100   ddiv.o
       186          0          0          0          0        176   depilogue.o
        62          0          0          0          0         80   dfixi.o
        48          0          0          0          0         68   dfixul.o
        34          0          0          0          0         76   dflti.o
       228          0          0          0          0         96   dmul.o
        46          0          0          0          0         80   dscalb.o
       162          0          0          0          0        100   dsqrt.o

    ----------------------------------------------------------------------
      9826        510        280         16          0       5748   Library Totals
        20          0          3          0          0          0   (incl. Padding)

    ----------------------------------------------------------------------

      Code (inc. data)   RO Data    RW Data    ZI Data      Debug   Library Name

      3746        340        144          0          0       1520   m_wm.l
      4690        170        133         16          0       3236   mc_w.l
      1370          0          0          0          0        992   mf_w.l

    ----------------------------------------------------------------------
      9826        510        280         16          0       5748   Library Totals

    ----------------------------------------------------------------------

==============================================================================


      Code (inc. data)   RO Data    RW Data    ZI Data      Debug   

     50840       8854       2388       1808      44280    1591800   Grand Totals
     50840       8854       2388       1696      44280    1591800   ELF Image Totals (compressed)
     50840       8854       2388       1696          0          0   ROM Totals

==============================================================================

    Total RO  Size (Code + RO Data)                53228 (  51.98kB)
    Total RW  Size (RW Data + ZI Data)             46088 (  45.01kB)
    Total ROM Size (Code + RO Data + RW Data)      54924 (  53.64kB)

==============================================================================

